-- Logs begin at Thu 2020-05-14 05:46:03 UTC, end at Thu 2020-05-14 05:48:14 UTC. --
May 14 05:46:03 localhost kernel: Linux version 5.3.7-301.fc31.x86_64 (mockbuild@bkernel03.phx2.fedoraproject.org) (gcc version 9.2.1 20190827 (Red Hat 9.2.1-1) (GCC)) #1 SMP Mon Oct 21 19:18:58 UTC 2019
May 14 05:46:03 localhost kernel: Command line: method=https://kojipkgs.fedoraproject.org/compose/31/latest-Fedora-31/compose/Everything/x86_64/os/ ks=file:/ks.cfg
May 14 05:46:03 localhost kernel: x86/fpu: x87 FPU will use FXSAVE
May 14 05:46:03 localhost kernel: BIOS-provided physical RAM map:
May 14 05:46:03 localhost kernel: BIOS-e820: [mem 0x0000000000000000-0x000000000009fbff] usable
May 14 05:46:03 localhost kernel: BIOS-e820: [mem 0x000000000009fc00-0x000000000009ffff] reserved
May 14 05:46:03 localhost kernel: BIOS-e820: [mem 0x00000000000f0000-0x00000000000fffff] reserved
May 14 05:46:03 localhost kernel: BIOS-e820: [mem 0x0000000000100000-0x00000000bffdbfff] usable
May 14 05:46:03 localhost kernel: BIOS-e820: [mem 0x00000000bffdc000-0x00000000bfffffff] reserved
May 14 05:46:03 localhost kernel: BIOS-e820: [mem 0x00000000feffc000-0x00000000feffffff] reserved
May 14 05:46:03 localhost kernel: BIOS-e820: [mem 0x00000000fffc0000-0x00000000ffffffff] reserved
May 14 05:46:03 localhost kernel: BIOS-e820: [mem 0x0000000100000000-0x000000013fffffff] usable
May 14 05:46:03 localhost kernel: NX (Execute Disable) protection: active
May 14 05:46:03 localhost kernel: SMBIOS 2.8 present.
May 14 05:46:03 localhost kernel: DMI: QEMU Standard PC (i440FX + PIIX, 1996), BIOS ?-20190727_073836-buildvm-ppc64le-16.ppc.fedoraproject.org-3.fc31 04/01/2014
May 14 05:46:03 localhost kernel: Hypervisor detected: KVM
May 14 05:46:03 localhost kernel: kvm-clock: Using msrs 4b564d01 and 4b564d00
May 14 05:46:03 localhost kernel: kvm-clock: cpu 0, msr 13ce01001, primary cpu clock
May 14 05:46:03 localhost kernel: kvm-clock: using sched offset of 355422956 cycles
May 14 05:46:03 localhost kernel: clocksource: kvm-clock: mask: 0xffffffffffffffff max_cycles: 0x1cd42e4dffb, max_idle_ns: 881590591483 ns
May 14 05:46:03 localhost kernel: tsc: Detected 2299.998 MHz processor
May 14 05:46:03 localhost kernel: e820: update [mem 0x00000000-0x00000fff] usable ==> reserved
May 14 05:46:03 localhost kernel: e820: remove [mem 0x000a0000-0x000fffff] usable
May 14 05:46:03 localhost kernel: last_pfn = 0x140000 max_arch_pfn = 0x400000000
May 14 05:46:03 localhost kernel: MTRR default type: write-back
May 14 05:46:03 localhost kernel: MTRR fixed ranges enabled:
May 14 05:46:03 localhost kernel:   00000-9FFFF write-back
May 14 05:46:03 localhost kernel:   A0000-BFFFF uncachable
May 14 05:46:03 localhost kernel:   C0000-FFFFF write-protect
May 14 05:46:03 localhost kernel: MTRR variable ranges enabled:
May 14 05:46:03 localhost kernel:   0 base 00C0000000 mask FFC0000000 uncachable
May 14 05:46:03 localhost kernel:   1 disabled
May 14 05:46:03 localhost kernel:   2 disabled
May 14 05:46:03 localhost kernel:   3 disabled
May 14 05:46:03 localhost kernel:   4 disabled
May 14 05:46:03 localhost kernel:   5 disabled
May 14 05:46:03 localhost kernel:   6 disabled
May 14 05:46:03 localhost kernel:   7 disabled
May 14 05:46:03 localhost kernel: x86/PAT: PAT not supported by CPU.
May 14 05:46:03 localhost kernel: x86/PAT: Configuration [0-7]: WB  WT  UC- UC  WB  WT  UC- UC  
May 14 05:46:03 localhost kernel: last_pfn = 0xbffdc max_arch_pfn = 0x400000000
May 14 05:46:03 localhost kernel: found SMP MP-table at [mem 0x000f5c50-0x000f5c5f]
May 14 05:46:03 localhost kernel: BRK [0x13d001000, 0x13d001fff] PGTABLE
May 14 05:46:03 localhost kernel: BRK [0x13d002000, 0x13d002fff] PGTABLE
May 14 05:46:03 localhost kernel: BRK [0x13d003000, 0x13d003fff] PGTABLE
May 14 05:46:03 localhost kernel: BRK [0x13d004000, 0x13d004fff] PGTABLE
May 14 05:46:03 localhost kernel: BRK [0x13d005000, 0x13d005fff] PGTABLE
May 14 05:46:03 localhost kernel: BRK [0x13d006000, 0x13d006fff] PGTABLE
May 14 05:46:03 localhost kernel: BRK [0x13d007000, 0x13d007fff] PGTABLE
May 14 05:46:03 localhost kernel: BRK [0x13d008000, 0x13d008fff] PGTABLE
May 14 05:46:03 localhost kernel: RAMDISK: [mem 0xbb945000-0xbffcffff]
May 14 05:46:03 localhost kernel: ACPI: Early table checksum verification disabled
May 14 05:46:03 localhost kernel: ACPI: RSDP 0x00000000000F5C10 000014 (v00 BOCHS )
May 14 05:46:03 localhost kernel: ACPI: RSDT 0x00000000BFFE1392 000030 (v01 BOCHS  BXPCRSDT 00000001 BXPC 00000001)
May 14 05:46:03 localhost kernel: ACPI: FACP 0x00000000BFFE1256 000074 (v01 BOCHS  BXPCFACP 00000001 BXPC 00000001)
May 14 05:46:03 localhost kernel: ACPI: DSDT 0x00000000BFFDFD80 0014D6 (v01 BOCHS  BXPCDSDT 00000001 BXPC 00000001)
May 14 05:46:03 localhost kernel: ACPI: FACS 0x00000000BFFDFD40 000040
May 14 05:46:03 localhost kernel: ACPI: APIC 0x00000000BFFE12CA 000090 (v01 BOCHS  BXPCAPIC 00000001 BXPC 00000001)
May 14 05:46:03 localhost kernel: ACPI: HPET 0x00000000BFFE135A 000038 (v01 BOCHS  BXPCHPET 00000001 BXPC 00000001)
May 14 05:46:03 localhost kernel: ACPI: Local APIC address 0xfee00000
May 14 05:46:03 localhost kernel: No NUMA configuration found
May 14 05:46:03 localhost kernel: Faking a node at [mem 0x0000000000000000-0x000000013fffffff]
May 14 05:46:03 localhost kernel: NODE_DATA(0) allocated [mem 0x13ffd5000-0x13fffffff]
May 14 05:46:03 localhost kernel: Zone ranges:
May 14 05:46:03 localhost kernel:   DMA      [mem 0x0000000000001000-0x0000000000ffffff]
May 14 05:46:03 localhost kernel:   DMA32    [mem 0x0000000001000000-0x00000000ffffffff]
May 14 05:46:03 localhost kernel:   Normal   [mem 0x0000000100000000-0x000000013fffffff]
May 14 05:46:03 localhost kernel:   Device   empty
May 14 05:46:03 localhost kernel: Movable zone start for each node
May 14 05:46:03 localhost kernel: Early memory node ranges
May 14 05:46:03 localhost kernel:   node   0: [mem 0x0000000000001000-0x000000000009efff]
May 14 05:46:03 localhost kernel:   node   0: [mem 0x0000000000100000-0x00000000bffdbfff]
May 14 05:46:03 localhost kernel:   node   0: [mem 0x0000000100000000-0x000000013fffffff]
May 14 05:46:03 localhost kernel: Zeroed struct page in unavailable ranges: 134 pages
May 14 05:46:03 localhost kernel: Initmem setup node 0 [mem 0x0000000000001000-0x000000013fffffff]
May 14 05:46:03 localhost kernel: On node 0 totalpages: 1048442
May 14 05:46:03 localhost kernel:   DMA zone: 64 pages used for memmap
May 14 05:46:03 localhost kernel:   DMA zone: 21 pages reserved
May 14 05:46:03 localhost kernel:   DMA zone: 3998 pages, LIFO batch:0
May 14 05:46:03 localhost kernel:   DMA32 zone: 12224 pages used for memmap
May 14 05:46:03 localhost kernel:   DMA32 zone: 782300 pages, LIFO batch:63
May 14 05:46:03 localhost kernel:   Normal zone: 4096 pages used for memmap
May 14 05:46:03 localhost kernel:   Normal zone: 262144 pages, LIFO batch:63
May 14 05:46:03 localhost kernel: ACPI: PM-Timer IO Port: 0x608
May 14 05:46:03 localhost kernel: ACPI: Local APIC address 0xfee00000
May 14 05:46:03 localhost kernel: ACPI: LAPIC_NMI (acpi_id[0xff] dfl dfl lint[0x1])
May 14 05:46:03 localhost kernel: IOAPIC[0]: apic_id 0, version 17, address 0xfec00000, GSI 0-23
May 14 05:46:03 localhost kernel: ACPI: INT_SRC_OVR (bus 0 bus_irq 0 global_irq 2 dfl dfl)
May 14 05:46:03 localhost kernel: ACPI: INT_SRC_OVR (bus 0 bus_irq 5 global_irq 5 high level)
May 14 05:46:03 localhost kernel: ACPI: INT_SRC_OVR (bus 0 bus_irq 9 global_irq 9 high level)
May 14 05:46:03 localhost kernel: ACPI: INT_SRC_OVR (bus 0 bus_irq 10 global_irq 10 high level)
May 14 05:46:03 localhost kernel: ACPI: INT_SRC_OVR (bus 0 bus_irq 11 global_irq 11 high level)
May 14 05:46:03 localhost kernel: ACPI: IRQ0 used by override.
May 14 05:46:03 localhost kernel: ACPI: IRQ5 used by override.
May 14 05:46:03 localhost kernel: ACPI: IRQ9 used by override.
May 14 05:46:03 localhost kernel: ACPI: IRQ10 used by override.
May 14 05:46:03 localhost kernel: ACPI: IRQ11 used by override.
May 14 05:46:03 localhost kernel: Using ACPI (MADT) for SMP configuration information
May 14 05:46:03 localhost kernel: ACPI: HPET id: 0x8086a201 base: 0xfed00000
May 14 05:46:03 localhost kernel: smpboot: Allowing 4 CPUs, 0 hotplug CPUs
May 14 05:46:03 localhost kernel: PM: Registered nosave memory: [mem 0x00000000-0x00000fff]
May 14 05:46:03 localhost kernel: PM: Registered nosave memory: [mem 0x0009f000-0x0009ffff]
May 14 05:46:03 localhost kernel: PM: Registered nosave memory: [mem 0x000a0000-0x000effff]
May 14 05:46:03 localhost kernel: PM: Registered nosave memory: [mem 0x000f0000-0x000fffff]
May 14 05:46:03 localhost kernel: PM: Registered nosave memory: [mem 0xbffdc000-0xbfffffff]
May 14 05:46:03 localhost kernel: PM: Registered nosave memory: [mem 0xc0000000-0xfeffbfff]
May 14 05:46:03 localhost kernel: PM: Registered nosave memory: [mem 0xfeffc000-0xfeffffff]
May 14 05:46:03 localhost kernel: PM: Registered nosave memory: [mem 0xff000000-0xfffbffff]
May 14 05:46:03 localhost kernel: PM: Registered nosave memory: [mem 0xfffc0000-0xffffffff]
May 14 05:46:03 localhost kernel: [mem 0xc0000000-0xfeffbfff] available for PCI devices
May 14 05:46:03 localhost kernel: Booting paravirtualized kernel on KVM
May 14 05:46:03 localhost kernel: clocksource: refined-jiffies: mask: 0xffffffff max_cycles: 0xffffffff, max_idle_ns: 1910969940391419 ns
May 14 05:46:03 localhost kernel: setup_percpu: NR_CPUS:1024 nr_cpumask_bits:4 nr_cpu_ids:4 nr_node_ids:1
May 14 05:46:03 localhost kernel: percpu: Embedded 52 pages/cpu s176128 r8192 d28672 u524288
May 14 05:46:03 localhost kernel: pcpu-alloc: s176128 r8192 d28672 u524288 alloc=1*2097152
May 14 05:46:03 localhost kernel: pcpu-alloc: [0] 0 1 2 3 
May 14 05:46:03 localhost kernel: KVM setup async PF for cpu 0
May 14 05:46:03 localhost kernel: kvm-stealtime: cpu 0, msr 13fc2a040
May 14 05:46:03 localhost kernel: Built 1 zonelists, mobility grouping on.  Total pages: 1032037
May 14 05:46:03 localhost kernel: Policy zone: Normal
May 14 05:46:03 localhost kernel: Kernel command line: method=https://kojipkgs.fedoraproject.org/compose/31/latest-Fedora-31/compose/Everything/x86_64/os/ ks=file:/ks.cfg
May 14 05:46:03 localhost kernel: Dentry cache hash table entries: 524288 (order: 10, 4194304 bytes, linear)
May 14 05:46:03 localhost kernel: Inode-cache hash table entries: 262144 (order: 9, 2097152 bytes, linear)
May 14 05:46:03 localhost kernel: mem auto-init: stack:off, heap alloc:off, heap free:off
May 14 05:46:03 localhost kernel: Memory: 3949972K/4193768K available (12291K kernel code, 1541K rwdata, 4564K rodata, 2272K init, 4468K bss, 243796K reserved, 0K cma-reserved)
May 14 05:46:03 localhost kernel: random: get_random_u64 called from __kmem_cache_create+0x3e/0x520 with crng_init=0
May 14 05:46:03 localhost kernel: SLUB: HWalign=64, Order=0-3, MinObjects=0, CPUs=4, Nodes=1
May 14 05:46:03 localhost kernel: Kernel/User page tables isolation: enabled
May 14 05:46:03 localhost kernel: ftrace: allocating 40062 entries in 157 pages
May 14 05:46:03 localhost kernel: rcu: Hierarchical RCU implementation.
May 14 05:46:03 localhost kernel: rcu:         RCU restricting CPUs from NR_CPUS=1024 to nr_cpu_ids=4.
May 14 05:46:03 localhost kernel:         Tasks RCU enabled.
May 14 05:46:03 localhost kernel: rcu: RCU calculated value of scheduler-enlistment delay is 100 jiffies.
May 14 05:46:03 localhost kernel: rcu: Adjusting geometry for rcu_fanout_leaf=16, nr_cpu_ids=4
May 14 05:46:03 localhost kernel: NR_IRQS: 65792, nr_irqs: 456, preallocated irqs: 16
May 14 05:46:03 localhost kernel: Console: colour VGA+ 80x25
May 14 05:46:03 localhost kernel: printk: console [tty0] enabled
May 14 05:46:03 localhost kernel: ACPI: Core revision 20190703
May 14 05:46:03 localhost kernel: clocksource: hpet: mask: 0xffffffff max_cycles: 0xffffffff, max_idle_ns: 19112604467 ns
May 14 05:46:03 localhost kernel: APIC: Switch to symmetric I/O mode setup
May 14 05:46:03 localhost kernel: x2apic enabled
May 14 05:46:03 localhost kernel: Switched APIC routing to physical x2apic.
May 14 05:46:03 localhost kernel: ..TIMER: vector=0x30 apic1=0 pin1=2 apic2=-1 pin2=-1
May 14 05:46:03 localhost kernel: clocksource: tsc-early: mask: 0xffffffffffffffff max_cycles: 0x212733415c7, max_idle_ns: 440795236380 ns
May 14 05:46:03 localhost kernel: Calibrating delay loop (skipped) preset value.. 4599.99 BogoMIPS (lpj=2299998)
May 14 05:46:03 localhost kernel: pid_max: default: 32768 minimum: 301
May 14 05:46:03 localhost kernel: LSM: Security Framework initializing
May 14 05:46:03 localhost kernel: Yama: becoming mindful.
May 14 05:46:03 localhost kernel: SELinux:  Initializing.
May 14 05:46:03 localhost kernel: *** VALIDATE SELinux ***
May 14 05:46:03 localhost kernel: Mount-cache hash table entries: 8192 (order: 4, 65536 bytes, linear)
May 14 05:46:03 localhost kernel: Mountpoint-cache hash table entries: 8192 (order: 4, 65536 bytes, linear)
May 14 05:46:03 localhost kernel: *** VALIDATE proc ***
May 14 05:46:03 localhost kernel: *** VALIDATE cgroup1 ***
May 14 05:46:03 localhost kernel: *** VALIDATE cgroup2 ***
May 14 05:46:03 localhost kernel: Last level iTLB entries: 4KB 0, 2MB 0, 4MB 0
May 14 05:46:03 localhost kernel: Last level dTLB entries: 4KB 0, 2MB 0, 4MB 0, 1GB 0
May 14 05:46:03 localhost kernel: Spectre V1 : Mitigation: usercopy/swapgs barriers and __user pointer sanitization
May 14 05:46:03 localhost kernel: Spectre V2 : Mitigation: Full generic retpoline
May 14 05:46:03 localhost kernel: Spectre V2 : Spectre v2 / SpectreRSB mitigation: Filling RSB on context switch
May 14 05:46:03 localhost kernel: Speculative Store Bypass: Vulnerable
May 14 05:46:03 localhost kernel: MDS: Vulnerable: Clear CPU buffers attempted, no microcode
May 14 05:46:03 localhost kernel: Freeing SMP alternatives memory: 36K
May 14 05:46:03 localhost kernel: smpboot: CPU0: Intel QEMU Virtual CPU version 2.5+ (family: 0x6, model: 0x6, stepping: 0x3)
May 14 05:46:03 localhost kernel: Performance Events: PMU not available due to virtualization, using software events only.
May 14 05:46:03 localhost kernel: rcu: Hierarchical SRCU implementation.
May 14 05:46:03 localhost kernel: NMI watchdog: Perf NMI watchdog permanently disabled
May 14 05:46:03 localhost kernel: smp: Bringing up secondary CPUs ...
May 14 05:46:03 localhost kernel: x86: Booting SMP configuration:
May 14 05:46:03 localhost kernel: .... node  #0, CPUs:      #1
May 14 05:46:03 localhost kernel: kvm-clock: cpu 1, msr 13ce01041, secondary cpu clock
May 14 05:46:03 localhost kernel: smpboot: CPU 1 Converting physical 0 to logical die 1
May 14 05:46:03 localhost kernel: KVM setup async PF for cpu 1
May 14 05:46:03 localhost kernel: kvm-stealtime: cpu 1, msr 13fcaa040
May 14 05:46:03 localhost kernel:  #2
May 14 05:46:03 localhost kernel: kvm-clock: cpu 2, msr 13ce01081, secondary cpu clock
May 14 05:46:03 localhost kernel: smpboot: CPU 2 Converting physical 0 to logical die 2
May 14 05:46:03 localhost kernel: KVM setup async PF for cpu 2
May 14 05:46:03 localhost kernel: kvm-stealtime: cpu 2, msr 13fd2a040
May 14 05:46:03 localhost kernel:  #3
May 14 05:46:03 localhost kernel: kvm-clock: cpu 3, msr 13ce010c1, secondary cpu clock
May 14 05:46:03 localhost kernel: smpboot: CPU 3 Converting physical 0 to logical die 3
May 14 05:46:03 localhost kernel: KVM setup async PF for cpu 3
May 14 05:46:03 localhost kernel: kvm-stealtime: cpu 3, msr 13fdaa040
May 14 05:46:03 localhost kernel: smp: Brought up 1 node, 4 CPUs
May 14 05:46:03 localhost kernel: smpboot: Max logical packages: 4
May 14 05:46:03 localhost kernel: smpboot: Total of 4 processors activated (18399.98 BogoMIPS)
May 14 05:46:03 localhost kernel: devtmpfs: initialized
May 14 05:46:03 localhost kernel: x86/mm: Memory block size: 128MB
May 14 05:46:03 localhost kernel: clocksource: jiffies: mask: 0xffffffff max_cycles: 0xffffffff, max_idle_ns: 1911260446275000 ns
May 14 05:46:03 localhost kernel: futex hash table entries: 1024 (order: 4, 65536 bytes, linear)
May 14 05:46:03 localhost kernel: pinctrl core: initialized pinctrl subsystem
May 14 05:46:03 localhost kernel: PM: RTC time: 05:45:58, date: 2020-05-14
May 14 05:46:03 localhost kernel: NET: Registered protocol family 16
May 14 05:46:03 localhost kernel: audit: initializing netlink subsys (disabled)
May 14 05:46:03 localhost kernel: audit: type=2000 audit(1589435159.005:1): state=initialized audit_enabled=0 res=1
May 14 05:46:03 localhost kernel: cpuidle: using governor menu
May 14 05:46:03 localhost kernel: ACPI: bus type PCI registered
May 14 05:46:03 localhost kernel: acpiphp: ACPI Hot Plug PCI Controller Driver version: 0.5
May 14 05:46:03 localhost kernel: PCI: Using configuration type 1 for base access
May 14 05:46:03 localhost kernel: HugeTLB registered 2.00 MiB page size, pre-allocated 0 pages
May 14 05:46:03 localhost kernel: cryptd: max_cpu_qlen set to 1000
May 14 05:46:03 localhost kernel: alg: No test for lzo-rle (lzo-rle-generic)
May 14 05:46:03 localhost kernel: alg: No test for lzo-rle (lzo-rle-scomp)
May 14 05:46:03 localhost kernel: alg: No test for 842 (842-generic)
May 14 05:46:03 localhost kernel: alg: No test for 842 (842-scomp)
May 14 05:46:03 localhost kernel: ACPI: Added _OSI(Module Device)
May 14 05:46:03 localhost kernel: ACPI: Added _OSI(Processor Device)
May 14 05:46:03 localhost kernel: ACPI: Added _OSI(3.0 _SCP Extensions)
May 14 05:46:03 localhost kernel: ACPI: Added _OSI(Processor Aggregator Device)
May 14 05:46:03 localhost kernel: ACPI: Added _OSI(Linux-Dell-Video)
May 14 05:46:03 localhost kernel: ACPI: Added _OSI(Linux-Lenovo-NV-HDMI-Audio)
May 14 05:46:03 localhost kernel: ACPI: Added _OSI(Linux-HPI-Hybrid-Graphics)
May 14 05:46:03 localhost kernel: ACPI: 1 ACPI AML tables successfully acquired and loaded
May 14 05:46:03 localhost kernel: ACPI: Interpreter enabled
May 14 05:46:03 localhost kernel: ACPI: (supports S0 S3 S4 S5)
May 14 05:46:03 localhost kernel: ACPI: Using IOAPIC for interrupt routing
May 14 05:46:03 localhost kernel: PCI: Using host bridge windows from ACPI; if necessary, use "pci=nocrs" and report a bug
May 14 05:46:03 localhost kernel: ACPI: Enabled 2 GPEs in block 00 to 0F
May 14 05:46:03 localhost kernel: ACPI: PCI Root Bridge [PCI0] (domain 0000 [bus 00-ff])
May 14 05:46:03 localhost kernel: acpi PNP0A03:00: _OSC: OS supports [ASPM ClockPM Segments MSI HPX-Type3]
May 14 05:46:03 localhost kernel: acpi PNP0A03:00: fail to add MMCONFIG information, can't access extended PCI configuration space under this bridge.
May 14 05:46:03 localhost kernel: acpiphp: Slot [3] registered
May 14 05:46:03 localhost kernel: acpiphp: Slot [4] registered
May 14 05:46:03 localhost kernel: acpiphp: Slot [5] registered
May 14 05:46:03 localhost kernel: acpiphp: Slot [6] registered
May 14 05:46:03 localhost kernel: acpiphp: Slot [7] registered
May 14 05:46:03 localhost kernel: acpiphp: Slot [8] registered
May 14 05:46:03 localhost kernel: acpiphp: Slot [9] registered
May 14 05:46:03 localhost kernel: acpiphp: Slot [10] registered
May 14 05:46:03 localhost kernel: acpiphp: Slot [11] registered
May 14 05:46:03 localhost kernel: acpiphp: Slot [12] registered
May 14 05:46:03 localhost kernel: acpiphp: Slot [13] registered
May 14 05:46:03 localhost kernel: acpiphp: Slot [14] registered
May 14 05:46:03 localhost kernel: acpiphp: Slot [15] registered
May 14 05:46:03 localhost kernel: acpiphp: Slot [16] registered
May 14 05:46:03 localhost kernel: acpiphp: Slot [17] registered
May 14 05:46:03 localhost kernel: acpiphp: Slot [18] registered
May 14 05:46:03 localhost kernel: acpiphp: Slot [19] registered
May 14 05:46:03 localhost kernel: acpiphp: Slot [20] registered
May 14 05:46:03 localhost kernel: acpiphp: Slot [21] registered
May 14 05:46:03 localhost kernel: acpiphp: Slot [22] registered
May 14 05:46:03 localhost kernel: acpiphp: Slot [23] registered
May 14 05:46:03 localhost kernel: acpiphp: Slot [24] registered
May 14 05:46:03 localhost kernel: acpiphp: Slot [25] registered
May 14 05:46:03 localhost kernel: acpiphp: Slot [26] registered
May 14 05:46:03 localhost kernel: acpiphp: Slot [27] registered
May 14 05:46:03 localhost kernel: acpiphp: Slot [28] registered
May 14 05:46:03 localhost kernel: acpiphp: Slot [29] registered
May 14 05:46:03 localhost kernel: acpiphp: Slot [30] registered
May 14 05:46:03 localhost kernel: acpiphp: Slot [31] registered
May 14 05:46:03 localhost kernel: PCI host bridge to bus 0000:00
May 14 05:46:03 localhost kernel: pci_bus 0000:00: root bus resource [io  0x0000-0x0cf7 window]
May 14 05:46:03 localhost kernel: pci_bus 0000:00: root bus resource [io  0x0d00-0xffff window]
May 14 05:46:03 localhost kernel: pci_bus 0000:00: root bus resource [mem 0x000a0000-0x000bffff window]
May 14 05:46:03 localhost kernel: pci_bus 0000:00: root bus resource [mem 0xc0000000-0xfebfffff window]
May 14 05:46:03 localhost kernel: pci_bus 0000:00: root bus resource [mem 0x140000000-0x1bfffffff window]
May 14 05:46:03 localhost kernel: pci_bus 0000:00: root bus resource [bus 00-ff]
May 14 05:46:03 localhost kernel: pci 0000:00:00.0: [8086:1237] type 00 class 0x060000
May 14 05:46:03 localhost kernel: pci 0000:00:01.0: [8086:7000] type 00 class 0x060100
May 14 05:46:03 localhost kernel: pci 0000:00:01.1: [8086:7010] type 00 class 0x010180
May 14 05:46:03 localhost kernel: pci 0000:00:01.1: reg 0x20: [io  0xc140-0xc14f]
May 14 05:46:03 localhost kernel: pci 0000:00:01.1: legacy IDE quirk: reg 0x10: [io  0x01f0-0x01f7]
May 14 05:46:03 localhost kernel: pci 0000:00:01.1: legacy IDE quirk: reg 0x14: [io  0x03f6]
May 14 05:46:03 localhost kernel: pci 0000:00:01.1: legacy IDE quirk: reg 0x18: [io  0x0170-0x0177]
May 14 05:46:03 localhost kernel: pci 0000:00:01.1: legacy IDE quirk: reg 0x1c: [io  0x0376]
May 14 05:46:03 localhost kernel: pci 0000:00:01.2: [8086:7020] type 00 class 0x0c0300
May 14 05:46:03 localhost kernel: pci 0000:00:01.2: reg 0x20: [io  0xc0c0-0xc0df]
May 14 05:46:03 localhost kernel: pci 0000:00:01.3: [8086:7113] type 00 class 0x068000
May 14 05:46:03 localhost kernel: pci 0000:00:01.3: quirk: [io  0x0600-0x063f] claimed by PIIX4 ACPI
May 14 05:46:03 localhost kernel: pci 0000:00:01.3: quirk: [io  0x0700-0x070f] claimed by PIIX4 SMB
May 14 05:46:03 localhost kernel: pci 0000:00:02.0: [1013:00b8] type 00 class 0x030000
May 14 05:46:03 localhost kernel: pci 0000:00:02.0: reg 0x10: [mem 0xfc000000-0xfdffffff pref]
May 14 05:46:03 localhost kernel: pci 0000:00:02.0: reg 0x14: [mem 0xfebd0000-0xfebd0fff]
May 14 05:46:03 localhost kernel: pci 0000:00:02.0: reg 0x30: [mem 0xfebc0000-0xfebcffff pref]
May 14 05:46:03 localhost kernel: pci 0000:00:03.0: [1af4:1000] type 00 class 0x020000
May 14 05:46:03 localhost kernel: pci 0000:00:03.0: reg 0x10: [io  0xc0e0-0xc0ff]
May 14 05:46:03 localhost kernel: pci 0000:00:03.0: reg 0x14: [mem 0xfebd1000-0xfebd1fff]
May 14 05:46:03 localhost kernel: pci 0000:00:03.0: reg 0x20: [mem 0xfe000000-0xfe003fff 64bit pref]
May 14 05:46:03 localhost kernel: pci 0000:00:03.0: reg 0x30: [mem 0xfeb80000-0xfebbffff pref]
May 14 05:46:03 localhost kernel: pci 0000:00:04.0: [1af4:1003] type 00 class 0x078000
May 14 05:46:03 localhost kernel: pci 0000:00:04.0: reg 0x10: [io  0xc080-0xc0bf]
May 14 05:46:03 localhost kernel: pci 0000:00:04.0: reg 0x14: [mem 0xfebd2000-0xfebd2fff]
May 14 05:46:03 localhost kernel: pci 0000:00:04.0: reg 0x20: [mem 0xfe004000-0xfe007fff 64bit pref]
May 14 05:46:03 localhost kernel: pci 0000:00:05.0: [1af4:1001] type 00 class 0x010000
May 14 05:46:03 localhost kernel: pci 0000:00:05.0: reg 0x10: [io  0xc000-0xc07f]
May 14 05:46:03 localhost kernel: pci 0000:00:05.0: reg 0x14: [mem 0xfebd3000-0xfebd3fff]
May 14 05:46:03 localhost kernel: pci 0000:00:05.0: reg 0x20: [mem 0xfe008000-0xfe00bfff 64bit pref]
May 14 05:46:03 localhost kernel: pci 0000:00:06.0: [1af4:1002] type 00 class 0x00ff00
May 14 05:46:03 localhost kernel: pci 0000:00:06.0: reg 0x10: [io  0xc100-0xc11f]
May 14 05:46:03 localhost kernel: pci 0000:00:06.0: reg 0x20: [mem 0xfe00c000-0xfe00ffff 64bit pref]
May 14 05:46:03 localhost kernel: pci 0000:00:07.0: [1af4:1005] type 00 class 0x00ff00
May 14 05:46:03 localhost kernel: pci 0000:00:07.0: reg 0x10: [io  0xc120-0xc13f]
May 14 05:46:03 localhost kernel: pci 0000:00:07.0: reg 0x20: [mem 0xfe010000-0xfe013fff 64bit pref]
May 14 05:46:03 localhost kernel: ACPI: PCI Interrupt Link [LNKA] (IRQs 5 *10 11)
May 14 05:46:03 localhost kernel: ACPI: PCI Interrupt Link [LNKB] (IRQs 5 *10 11)
May 14 05:46:03 localhost kernel: ACPI: PCI Interrupt Link [LNKC] (IRQs 5 10 *11)
May 14 05:46:03 localhost kernel: ACPI: PCI Interrupt Link [LNKD] (IRQs 5 10 *11)
May 14 05:46:03 localhost kernel: ACPI: PCI Interrupt Link [LNKS] (IRQs *9)
May 14 05:46:03 localhost kernel: pci 0000:00:02.0: vgaarb: setting as boot VGA device
May 14 05:46:03 localhost kernel: pci 0000:00:02.0: vgaarb: VGA device added: decodes=io+mem,owns=io+mem,locks=none
May 14 05:46:03 localhost kernel: pci 0000:00:02.0: vgaarb: bridge control possible
May 14 05:46:03 localhost kernel: vgaarb: loaded
May 14 05:46:03 localhost kernel: SCSI subsystem initialized
May 14 05:46:03 localhost kernel: libata version 3.00 loaded.
May 14 05:46:03 localhost kernel: ACPI: bus type USB registered
May 14 05:46:03 localhost kernel: usbcore: registered new interface driver usbfs
May 14 05:46:03 localhost kernel: usbcore: registered new interface driver hub
May 14 05:46:03 localhost kernel: usbcore: registered new device driver usb
May 14 05:46:03 localhost kernel: pps_core: LinuxPPS API ver. 1 registered
May 14 05:46:03 localhost kernel: pps_core: Software ver. 5.3.6 - Copyright 2005-2007 Rodolfo Giometti <giometti@linux.it>
May 14 05:46:03 localhost kernel: PTP clock support registered
May 14 05:46:03 localhost kernel: EDAC MC: Ver: 3.0.0
May 14 05:46:03 localhost kernel: PCI: Using ACPI for IRQ routing
May 14 05:46:03 localhost kernel: PCI: pci_cache_line_size set to 64 bytes
May 14 05:46:03 localhost kernel: e820: reserve RAM buffer [mem 0x0009fc00-0x0009ffff]
May 14 05:46:03 localhost kernel: e820: reserve RAM buffer [mem 0xbffdc000-0xbfffffff]
May 14 05:46:03 localhost kernel: NetLabel: Initializing
May 14 05:46:03 localhost kernel: NetLabel:  domain hash size = 128
May 14 05:46:03 localhost kernel: NetLabel:  protocols = UNLABELED CIPSOv4 CALIPSO
May 14 05:46:03 localhost kernel: NetLabel:  unlabeled traffic allowed by default
May 14 05:46:03 localhost kernel: hpet: 3 channels of 0 reserved for per-cpu timers
May 14 05:46:03 localhost kernel: hpet0: at MMIO 0xfed00000, IRQs 2, 8, 0
May 14 05:46:03 localhost kernel: hpet0: 3 comparators, 64-bit 100.000000 MHz counter
May 14 05:46:03 localhost kernel: clocksource: Switched to clocksource kvm-clock
May 14 05:46:03 localhost kernel: VFS: Disk quotas dquot_6.6.0
May 14 05:46:03 localhost kernel: VFS: Dquot-cache hash table entries: 512 (order 0, 4096 bytes)
May 14 05:46:03 localhost kernel: *** VALIDATE hugetlbfs ***
May 14 05:46:03 localhost kernel: pnp: PnP ACPI init
May 14 05:46:03 localhost kernel: pnp 00:00: Plug and Play ACPI device, IDs PNP0b00 (active)
May 14 05:46:03 localhost kernel: pnp 00:01: Plug and Play ACPI device, IDs PNP0303 (active)
May 14 05:46:03 localhost kernel: pnp 00:02: Plug and Play ACPI device, IDs PNP0f13 (active)
May 14 05:46:03 localhost kernel: pnp 00:03: [dma 2]
May 14 05:46:03 localhost kernel: pnp 00:03: Plug and Play ACPI device, IDs PNP0700 (active)
May 14 05:46:03 localhost kernel: pnp 00:04: Plug and Play ACPI device, IDs PNP0501 (active)
May 14 05:46:03 localhost kernel: pnp 00:05: Plug and Play ACPI device, IDs PNP0501 (active)
May 14 05:46:03 localhost kernel: pnp: PnP ACPI: found 6 devices
May 14 05:46:03 localhost kernel: thermal_sys: Registered thermal governor 'fair_share'
May 14 05:46:03 localhost kernel: thermal_sys: Registered thermal governor 'bang_bang'
May 14 05:46:03 localhost kernel: thermal_sys: Registered thermal governor 'step_wise'
May 14 05:46:03 localhost kernel: thermal_sys: Registered thermal governor 'user_space'
May 14 05:46:03 localhost kernel: clocksource: acpi_pm: mask: 0xffffff max_cycles: 0xffffff, max_idle_ns: 2085701024 ns
May 14 05:46:03 localhost kernel: pci_bus 0000:00: resource 4 [io  0x0000-0x0cf7 window]
May 14 05:46:03 localhost kernel: pci_bus 0000:00: resource 5 [io  0x0d00-0xffff window]
May 14 05:46:03 localhost kernel: pci_bus 0000:00: resource 6 [mem 0x000a0000-0x000bffff window]
May 14 05:46:03 localhost kernel: pci_bus 0000:00: resource 7 [mem 0xc0000000-0xfebfffff window]
May 14 05:46:03 localhost kernel: pci_bus 0000:00: resource 8 [mem 0x140000000-0x1bfffffff window]
May 14 05:46:03 localhost kernel: NET: Registered protocol family 2
May 14 05:46:03 localhost kernel: tcp_listen_portaddr_hash hash table entries: 2048 (order: 3, 32768 bytes, linear)
May 14 05:46:03 localhost kernel: TCP established hash table entries: 32768 (order: 6, 262144 bytes, linear)
May 14 05:46:03 localhost kernel: TCP bind hash table entries: 32768 (order: 7, 524288 bytes, linear)
May 14 05:46:03 localhost kernel: TCP: Hash tables configured (established 32768 bind 32768)
May 14 05:46:03 localhost kernel: UDP hash table entries: 2048 (order: 4, 65536 bytes, linear)
May 14 05:46:03 localhost kernel: UDP-Lite hash table entries: 2048 (order: 4, 65536 bytes, linear)
May 14 05:46:03 localhost kernel: NET: Registered protocol family 1
May 14 05:46:03 localhost kernel: NET: Registered protocol family 44
May 14 05:46:03 localhost kernel: pci 0000:00:01.0: PIIX3: Enabling Passive Release
May 14 05:46:03 localhost kernel: pci 0000:00:00.0: Limiting direct PCI/PCI transfers
May 14 05:46:03 localhost kernel: pci 0000:00:01.0: Activating ISA DMA hang workarounds
May 14 05:46:03 localhost kernel: PCI Interrupt Link [LNKD] enabled at IRQ 11
May 14 05:46:03 localhost kernel: pci 0000:00:01.2: quirk_usb_early_handoff+0x0/0x645 took 34426 usecs
May 14 05:46:03 localhost kernel: pci 0000:00:02.0: Video device with shadowed ROM at [mem 0x000c0000-0x000dffff]
May 14 05:46:03 localhost kernel: PCI: CLS 0 bytes, default 64
May 14 05:46:03 localhost kernel: Trying to unpack rootfs image as initramfs...
May 14 05:46:03 localhost kernel: Freeing initrd memory: 72236K
May 14 05:46:03 localhost kernel: PCI-DMA: Using software bounce buffering for IO (SWIOTLB)
May 14 05:46:03 localhost kernel: software IO TLB: mapped [mem 0xb7945000-0xbb945000] (64MB)
May 14 05:46:03 localhost kernel: clocksource: tsc: mask: 0xffffffffffffffff max_cycles: 0x212733415c7, max_idle_ns: 440795236380 ns
May 14 05:46:03 localhost kernel: Initialise system trusted keyrings
May 14 05:46:03 localhost kernel: Key type blacklist registered
May 14 05:46:03 localhost kernel: workingset: timestamp_bits=36 max_order=20 bucket_order=0
May 14 05:46:03 localhost kernel: zbud: loaded
May 14 05:46:03 localhost kernel: Platform Keyring initialized
May 14 05:46:03 localhost kernel: NET: Registered protocol family 38
May 14 05:46:03 localhost kernel: Key type asymmetric registered
May 14 05:46:03 localhost kernel: Asymmetric key parser 'x509' registered
May 14 05:46:03 localhost kernel: Block layer SCSI generic (bsg) driver version 0.4 loaded (major 245)
May 14 05:46:03 localhost kernel: io scheduler mq-deadline registered
May 14 05:46:03 localhost kernel: io scheduler kyber registered
May 14 05:46:03 localhost kernel: io scheduler bfq registered
May 14 05:46:03 localhost kernel: atomic64_test: passed for x86-64 platform with CX8 and with SSE
May 14 05:46:03 localhost kernel: shpchp: Standard Hot Plug PCI Controller Driver version: 0.4
May 14 05:46:03 localhost kernel: intel_idle: does not run on family 6 model 6
May 14 05:46:03 localhost kernel: input: Power Button as /devices/LNXSYSTM:00/LNXPWRBN:00/input/input0
May 14 05:46:03 localhost kernel: ACPI: Power Button [PWRF]
May 14 05:46:03 localhost kernel: PCI Interrupt Link [LNKC] enabled at IRQ 10
May 14 05:46:03 localhost kernel: PCI Interrupt Link [LNKA] enabled at IRQ 10
May 14 05:46:03 localhost kernel: PCI Interrupt Link [LNKB] enabled at IRQ 11
May 14 05:46:03 localhost kernel: Serial: 8250/16550 driver, 32 ports, IRQ sharing enabled
May 14 05:46:03 localhost kernel: 00:04: ttyS0 at I/O 0x3f8 (irq = 4, base_baud = 115200) is a 16550A
May 14 05:46:03 localhost kernel: 00:05: ttyS1 at I/O 0x2f8 (irq = 3, base_baud = 115200) is a 16550A
May 14 05:46:03 localhost kernel: Non-volatile memory driver v1.3
May 14 05:46:03 localhost kernel: Linux agpgart interface v0.103
May 14 05:46:03 localhost kernel: random: fast init done
May 14 05:46:03 localhost kernel: random: crng init done
May 14 05:46:03 localhost kernel: ata_piix 0000:00:01.1: version 2.13
May 14 05:46:03 localhost kernel: scsi host0: ata_piix
May 14 05:46:03 localhost kernel: scsi host1: ata_piix
May 14 05:46:03 localhost kernel: ata1: PATA max MWDMA2 cmd 0x1f0 ctl 0x3f6 bmdma 0xc140 irq 14
May 14 05:46:03 localhost kernel: ata2: PATA max MWDMA2 cmd 0x170 ctl 0x376 bmdma 0xc148 irq 15
May 14 05:46:03 localhost kernel: libphy: Fixed MDIO Bus: probed
May 14 05:46:03 localhost kernel: ehci_hcd: USB 2.0 'Enhanced' Host Controller (EHCI) Driver
May 14 05:46:03 localhost kernel: ehci-pci: EHCI PCI platform driver
May 14 05:46:03 localhost kernel: ohci_hcd: USB 1.1 'Open' Host Controller (OHCI) Driver
May 14 05:46:03 localhost kernel: ohci-pci: OHCI PCI platform driver
May 14 05:46:03 localhost kernel: uhci_hcd: USB Universal Host Controller Interface driver
May 14 05:46:03 localhost kernel: uhci_hcd 0000:00:01.2: UHCI Host Controller
May 14 05:46:03 localhost kernel: uhci_hcd 0000:00:01.2: new USB bus registered, assigned bus number 1
May 14 05:46:03 localhost kernel: uhci_hcd 0000:00:01.2: detected 2 ports
May 14 05:46:03 localhost kernel: uhci_hcd 0000:00:01.2: irq 11, io base 0x0000c0c0
May 14 05:46:03 localhost kernel: usb usb1: New USB device found, idVendor=1d6b, idProduct=0001, bcdDevice= 5.03
May 14 05:46:03 localhost kernel: usb usb1: New USB device strings: Mfr=3, Product=2, SerialNumber=1
May 14 05:46:03 localhost kernel: usb usb1: Product: UHCI Host Controller
May 14 05:46:03 localhost kernel: usb usb1: Manufacturer: Linux 5.3.7-301.fc31.x86_64 uhci_hcd
May 14 05:46:03 localhost kernel: usb usb1: SerialNumber: 0000:00:01.2
May 14 05:46:03 localhost kernel: hub 1-0:1.0: USB hub found
May 14 05:46:03 localhost kernel: hub 1-0:1.0: 2 ports detected
May 14 05:46:03 localhost kernel: usbcore: registered new interface driver usbserial_generic
May 14 05:46:03 localhost kernel: usbserial: USB Serial support registered for generic
May 14 05:46:03 localhost kernel: i8042: PNP: PS/2 Controller [PNP0303:KBD,PNP0f13:MOU] at 0x60,0x64 irq 1,12
May 14 05:46:03 localhost kernel: serio: i8042 KBD port at 0x60,0x64 irq 1
May 14 05:46:03 localhost kernel: serio: i8042 AUX port at 0x60,0x64 irq 12
May 14 05:46:03 localhost kernel: mousedev: PS/2 mouse device common for all mice
May 14 05:46:03 localhost kernel: rtc_cmos 00:00: RTC can wake from S4
May 14 05:46:03 localhost kernel: input: AT Translated Set 2 keyboard as /devices/platform/i8042/serio0/input/input1
May 14 05:46:03 localhost kernel: rtc_cmos 00:00: registered as rtc0
May 14 05:46:03 localhost kernel: rtc_cmos 00:00: alarms up to one day, y3k, 114 bytes nvram, hpet irqs
May 14 05:46:03 localhost kernel: input: VirtualPS/2 VMware VMMouse as /devices/platform/i8042/serio1/input/input4
May 14 05:46:03 localhost kernel: device-mapper: uevent: version 1.0.3
May 14 05:46:03 localhost kernel: input: VirtualPS/2 VMware VMMouse as /devices/platform/i8042/serio1/input/input3
May 14 05:46:03 localhost kernel: device-mapper: ioctl: 4.40.0-ioctl (2019-01-18) initialised: dm-devel@redhat.com
May 14 05:46:03 localhost kernel: intel_pstate: CPU model not supported
May 14 05:46:03 localhost kernel: hidraw: raw HID events driver (C) Jiri Kosina
May 14 05:46:03 localhost kernel: usbcore: registered new interface driver usbhid
May 14 05:46:03 localhost kernel: usbhid: USB HID core driver
May 14 05:46:03 localhost kernel: drop_monitor: Initializing network drop monitor service
May 14 05:46:03 localhost kernel: Initializing XFRM netlink socket
May 14 05:46:03 localhost kernel: NET: Registered protocol family 10
May 14 05:46:03 localhost kernel: Segment Routing with IPv6
May 14 05:46:03 localhost kernel: mip6: Mobile IPv6
May 14 05:46:03 localhost kernel: NET: Registered protocol family 17
May 14 05:46:03 localhost kernel: RAS: Correctable Errors collector initialized.
May 14 05:46:03 localhost kernel: sched_clock: Marking stable (5356404801, 56068082)->(5470391832, -57918949)
May 14 05:46:03 localhost kernel: registered taskstats version 1
May 14 05:46:03 localhost kernel: Loading compiled-in X.509 certificates
May 14 05:46:03 localhost kernel: Loaded X.509 cert 'Fedora kernel signing key: 35b9bf900cc16b09a72ff9b56b453d9391f8905c'
May 14 05:46:03 localhost kernel: zswap: loaded using pool lzo/zbud
May 14 05:46:03 localhost kernel: Key type big_key registered
May 14 05:46:03 localhost kernel: Key type encrypted registered
May 14 05:46:03 localhost kernel: ima: No TPM chip found, activating TPM-bypass!
May 14 05:46:03 localhost kernel: ima: Allocated hash algorithm: sha256
May 14 05:46:03 localhost kernel: No architecture policies found
May 14 05:46:03 localhost kernel: PM:   Magic number: 4:808:769
May 14 05:46:03 localhost kernel: mem kmsg: hash matches
May 14 05:46:03 localhost kernel: virtio-pci 0000:00:05.0: hash matches
May 14 05:46:03 localhost kernel: rtc_cmos 00:00: setting system clock to 2020-05-14T05:46:03 UTC (1589435163)
May 14 05:46:03 localhost kernel: Freeing unused decrypted memory: 2040K
May 14 05:46:03 localhost kernel: Freeing unused kernel image memory: 2272K
May 14 05:46:03 localhost kernel: Write protecting the kernel read-only data: 20480k
May 14 05:46:03 localhost kernel: Freeing unused kernel image memory: 2016K
May 14 05:46:03 localhost kernel: Freeing unused kernel image memory: 1580K
May 14 05:46:03 localhost kernel: x86/mm: Checked W+X mappings: passed, no W+X pages found.
May 14 05:46:03 localhost kernel: rodata_test: all tests were successful
May 14 05:46:03 localhost kernel: x86/mm: Checking user space page tables
May 14 05:46:03 localhost kernel: x86/mm: Checked W+X mappings: passed, no W+X pages found.
May 14 05:46:03 localhost kernel: Run /init as init process
May 14 05:46:03 localhost systemd[1]: systemd v243-4.gitef67743.fc31 running in system mode. (+PAM +AUDIT +SELINUX +IMA -APPARMOR +SMACK +SYSVINIT +UTMP +LIBCRYPTSETUP +GCRYPT +GNUTLS +ACL +XZ +LZ4 +SECCOMP +BLKID +ELFUTILS +KMOD +IDN2 -IDN +PCRE2 default-hierarchy=unified)
May 14 05:46:03 localhost systemd[1]: Detected virtualization kvm.
May 14 05:46:03 localhost systemd[1]: Detected architecture x86-64.
May 14 05:46:03 localhost systemd[1]: Running in initial RAM disk.
May 14 05:46:03 localhost systemd[1]: No hostname configured.
May 14 05:46:03 localhost systemd[1]: Set hostname to <localhost>.
May 14 05:46:03 localhost systemd[1]: Initializing machine ID from KVM UUID.
May 14 05:46:03 localhost systemd[1]: /usr/lib/systemd/system/iscsiuio.service:13: PIDFile= references a path below legacy directory /var/run/, updating /var/run/iscsiuio.pid → /run/iscsiuio.pid; please update the unit file accordingly.
May 14 05:46:03 localhost systemd[1]: /usr/lib/systemd/system/iscsid.service:11: PIDFile= references a path below legacy directory /var/run/, updating /var/run/iscsid.pid → /run/iscsid.pid; please update the unit file accordingly.
May 14 05:46:03 localhost systemd[1]: Reached target Initrd Root Device.
May 14 05:46:03 localhost kernel: BIOS EDD facility v0.16 2004-Jun-25, 1 devices found
May 14 05:46:03 localhost systemd-journald[245]: Journal started
May 14 05:46:03 localhost systemd-journald[245]: Runtime Journal (/run/log/journal/d9445f7d26154c84b863f39fcdf24a96) is 8.0M, max 196.7M, 188.7M free.
May 14 05:46:03 localhost dracut-cmdline[250]: dracut-31 (Thirty One) dracut-049-27.git20181204.fc31.1
May 14 05:46:03 localhost dracut-cmdline[250]: Using kernel command line parameters: method=https://kojipkgs.fedoraproject.org/compose/31/latest-Fedora-31/compose/Everything/x86_64/os/ ks=file:/ks.cfg
May 14 05:46:03 localhost dracut-cmdline[250]: Loading Fedora 31 x86_64 installer...
May 14 05:46:03 localhost dracut-cmdline[250]: anaconda: parsing kickstart /ks.cfg
May 14 05:46:03 localhost dracut-cmdline[250]: Warning: 'method=' is deprecated. Using 'repo=https://kojipkgs.fedoraproject.org/compose/31/latest-Fedora-31/compose/Everything/x86_64/os/' instead.
May 14 05:46:03 localhost kernel: audit: type=1130 audit(1589435163.972:2): pid=1 uid=0 auid=4294967295 ses=4294967295 subj=kernel msg='unit=systemd-journald comm="systemd" exe="/usr/lib/systemd/systemd" hostname=? addr=? terminal=? res=success'
May 14 05:46:03 localhost audit[1]: SERVICE_START pid=1 uid=0 auid=4294967295 ses=4294967295 subj=kernel msg='unit=systemd-journald comm="systemd" exe="/usr/lib/systemd/systemd" hostname=? addr=? terminal=? res=success'
May 14 05:46:04 localhost dracut-cmdline[250]: parse-kickstart WARNING: No device with link found for --device=link
May 14 05:46:04 localhost dracut-cmdline[250]: rd.luks=0: removing cryptoluks activation
May 14 05:46:04 localhost dracut-cmdline[250]: rd.lvm=0: removing LVM activation
May 14 05:46:04 localhost kernel: Loading iSCSI transport class v2.0-870.
May 14 05:46:04 localhost kernel: iscsi: registered transport (tcp)
May 14 05:46:04 localhost kernel: iscsi: registered transport (qla4xxx)
May 14 05:46:04 localhost kernel: QLogic iSCSI HBA Driver
May 14 05:46:04 localhost kernel: libcxgbi:libcxgbi_init_module: Chelsio iSCSI driver library libcxgbi v0.9.1-ko (Apr. 2015)
May 14 05:46:04 localhost kernel: Chelsio T3 iSCSI Driver cxgb3i v2.0.1-ko (Apr. 2015)
May 14 05:46:04 localhost kernel: iscsi: registered transport (cxgb3i)
May 14 05:46:05 localhost kernel: Chelsio T4-T6 iSCSI Driver cxgb4i v0.9.5-ko (Apr. 2015)
May 14 05:46:05 localhost kernel: iscsi: registered transport (cxgb4i)
May 14 05:46:05 localhost kernel: cxgb4i:cxgb4i_init_module: cxgb4i dcb enabled.
May 14 05:46:05 localhost kernel: cnic: QLogic cnicDriver v2.5.22 (July 20, 2015)
May 14 05:46:05 localhost kernel: QLogic NetXtreme II iSCSI Driver bnx2i v2.7.10.1 (Jul 16, 2014)
May 14 05:46:05 localhost kernel: iscsi: registered transport (bnx2i)
May 14 05:46:05 localhost kernel: iscsi: registered transport (be2iscsi)
May 14 05:46:05 localhost kernel: In beiscsi_module_init, tt=0000000073a161ea
May 14 05:46:05 localhost systemd[1]: Started dracut cmdline hook.
May 14 05:46:05 localhost audit[1]: SERVICE_START pid=1 uid=0 auid=4294967295 ses=4294967295 subj=kernel msg='unit=dracut-cmdline comm="systemd" exe="/usr/lib/systemd/systemd" hostname=? addr=? terminal=? res=success'
May 14 05:46:05 localhost systemd[1]: Starting dracut pre-udev hook...
May 14 05:46:05 localhost kernel: audit: type=1130 audit(1589435165.072:3): pid=1 uid=0 auid=4294967295 ses=4294967295 subj=kernel msg='unit=dracut-cmdline comm="systemd" exe="/usr/lib/systemd/systemd" hostname=? addr=? terminal=? res=success'
May 14 05:46:05 localhost kernel: squashfs: version 4.0 (2009/01/31) Phillip Lougher
May 14 05:46:05 localhost kernel: FDC 0 is a S82078B
May 14 05:46:05 localhost kernel: No iBFT detected.
May 14 05:46:05 localhost kernel: raid6: using algorithm sse2x4 gen() 0 MB/s
May 14 05:46:05 localhost kernel: raid6: .... xor() 0 MB/s, rmw enabled
May 14 05:46:05 localhost kernel: raid6: using intx1 recovery algorithm
May 14 05:46:05 localhost kernel: xor: measuring software checksum speed
May 14 05:46:05 localhost kernel:    prefetch64-sse: 15764.000 MB/sec
May 14 05:46:05 localhost kernel:    generic_sse:  9832.000 MB/sec
May 14 05:46:05 localhost kernel: xor: using function: prefetch64-sse (15764.000 MB/sec)
May 14 05:46:05 localhost kernel: async_tx: api initialized (async)
May 14 05:46:05 localhost kernel: device-mapper: multipath round-robin: version 1.2.0 loaded
May 14 05:46:05 localhost kernel: RPC: Registered named UNIX socket transport module.
May 14 05:46:05 localhost kernel: RPC: Registered udp transport module.
May 14 05:46:05 localhost kernel: RPC: Registered tcp transport module.
May 14 05:46:05 localhost kernel: RPC: Registered tcp NFSv4.1 backchannel transport module.
May 14 05:46:05 localhost rpc.statd[681]: Version 2.3.4 starting
May 14 05:46:05 localhost rpc.statd[681]: Initializing NSM state
May 14 05:46:05 localhost rpc.statd[681]: Running as root.  chown /var/lib/nfs/statd to choose different user
May 14 05:46:05 localhost rpc.idmapd[686]: Setting log level to 0
May 14 05:46:05 localhost systemd[1]: Started dracut pre-udev hook.
May 14 05:46:05 localhost audit[1]: SERVICE_START pid=1 uid=0 auid=4294967295 ses=4294967295 subj=kernel msg='unit=dracut-pre-udev comm="systemd" exe="/usr/lib/systemd/systemd" hostname=? addr=? terminal=? res=success'
May 14 05:46:05 localhost kernel: audit: type=1130 audit(1589435165.749:4): pid=1 uid=0 auid=4294967295 ses=4294967295 subj=kernel msg='unit=dracut-pre-udev comm="systemd" exe="/usr/lib/systemd/systemd" hostname=? addr=? terminal=? res=success'
May 14 05:46:05 localhost systemd[1]: Starting udev Kernel Device Manager...
May 14 05:46:06 localhost systemd[1]: Started udev Kernel Device Manager.
May 14 05:46:06 localhost audit[1]: SERVICE_START pid=1 uid=0 auid=4294967295 ses=4294967295 subj=kernel msg='unit=systemd-udevd comm="systemd" exe="/usr/lib/systemd/systemd" hostname=? addr=? terminal=? res=success'
May 14 05:46:06 localhost systemd[1]: Starting dracut pre-trigger hook...
May 14 05:46:06 localhost kernel: audit: type=1130 audit(1589435166.104:5): pid=1 uid=0 auid=4294967295 ses=4294967295 subj=kernel msg='unit=systemd-udevd comm="systemd" exe="/usr/lib/systemd/systemd" hostname=? addr=? terminal=? res=success'
May 14 05:46:06 localhost lldpad[723]: config file failed to load,
May 14 05:46:06 localhost lldpad[723]: create a new file.
May 14 05:46:06 localhost lldpad[723]: bound ctrl iface to /com/intel/lldpad
May 14 05:46:06 localhost dracut-pre-trigger[719]: 724
May 14 05:46:06 localhost dracut-pre-trigger[719]: rd.dm=0: removing DM RAID activation
May 14 05:46:06 localhost dracut-pre-trigger[719]: rd.md.imsm=0: no MD RAID for imsm/isw raids
May 14 05:46:06 localhost dracut-pre-trigger[719]: rd.md.ddf=0: no MD RAID for SNIA ddf raids
May 14 05:46:06 localhost dracut-pre-trigger[719]: rd.md=0: removing MD RAID activation
May 14 05:46:06 localhost systemd[1]: Started dracut pre-trigger hook.
May 14 05:46:06 localhost audit[1]: SERVICE_START pid=1 uid=0 auid=4294967295 ses=4294967295 subj=kernel msg='unit=dracut-pre-trigger comm="systemd" exe="/usr/lib/systemd/systemd" hostname=? addr=? terminal=? res=success'
May 14 05:46:06 localhost kernel: audit: type=1130 audit(1589435166.307:6): pid=1 uid=0 auid=4294967295 ses=4294967295 subj=kernel msg='unit=dracut-pre-trigger comm="systemd" exe="/usr/lib/systemd/systemd" hostname=? addr=? terminal=? res=success'
May 14 05:46:06 localhost systemd[1]: Starting udev Coldplug all Devices...
May 14 05:46:06 localhost systemd[1]: Mounting Kernel Configuration File System...
May 14 05:46:06 localhost systemd[1]: Mounted Kernel Configuration File System.
May 14 05:46:06 localhost systemd[1]: Started udev Coldplug all Devices.
May 14 05:46:06 localhost systemd[1]: Starting dracut initqueue hook...
May 14 05:46:06 localhost audit[1]: SERVICE_START pid=1 uid=0 auid=4294967295 ses=4294967295 subj=kernel msg='unit=systemd-udev-trigger comm="systemd" exe="/usr/lib/systemd/systemd" hostname=? addr=? terminal=? res=success'
May 14 05:46:06 localhost systemd[1]: Starting Show Plymouth Boot Screen...
May 14 05:46:06 localhost kernel: audit: type=1130 audit(1589435166.383:7): pid=1 uid=0 auid=4294967295 ses=4294967295 subj=kernel msg='unit=systemd-udev-trigger comm="systemd" exe="/usr/lib/systemd/systemd" hostname=? addr=? terminal=? res=success'
May 14 05:46:06 localhost systemd[1]: Starting udev Wait for Complete Device Initialization...
May 14 05:46:06 localhost systemd[1]: Received SIGRTMIN+20 from PID 829 (plymouthd).
May 14 05:46:06 localhost systemd[1]: Started Show Plymouth Boot Screen.
May 14 05:46:06 localhost kernel: audit: type=1130 audit(1589435166.404:8): pid=1 uid=0 auid=4294967295 ses=4294967295 subj=kernel msg='unit=plymouth-start comm="systemd" exe="/usr/lib/systemd/systemd" hostname=? addr=? terminal=? res=success'
May 14 05:46:06 localhost audit[1]: SERVICE_START pid=1 uid=0 auid=4294967295 ses=4294967295 subj=kernel msg='unit=plymouth-start comm="systemd" exe="/usr/lib/systemd/systemd" hostname=? addr=? terminal=? res=success'
May 14 05:46:06 localhost systemd[1]: Condition check resulted in Dispatch Password Requests to Console Directory Watch being skipped.
May 14 05:46:06 localhost systemd[1]: Started Forward Password Requests to Plymouth Directory Watch.
May 14 05:46:06 localhost systemd[1]: Reached target Local Encrypted Volumes.
May 14 05:46:06 localhost systemd[1]: Reached target Paths.
May 14 05:46:06 localhost kernel: virtio_blk virtio2: [vda] 10485760 512-byte logical blocks (5.37 GB/5.00 GiB)
May 14 05:46:06 localhost systemd-udevd[824]: ethtool: autonegotiation is unset or enabled, the speed and duplex are not writable.
May 14 05:46:06 localhost kernel: 8021q: 802.1Q VLAN Support v1.8
May 14 05:46:06 localhost systemd-udevd[822]: Using default interface naming scheme 'v243'.
May 14 05:46:06 localhost systemd-udevd[822]: ethtool: autonegotiation is unset or enabled, the speed and duplex are not writable.
May 14 05:46:06 localhost udevadm[828]: systemd-udev-settle.service is deprecated.
May 14 05:46:06 localhost kernel: virtio_net virtio0 ens3: renamed from eth0
May 14 05:46:06 localhost systemd[1]: Reloading.
May 14 05:46:06 localhost systemd-udevd[806]: Using default interface naming scheme 'v243'.
May 14 05:46:06 localhost systemd[1]: /usr/lib/systemd/system/iscsiuio.service:13: PIDFile= references a path below legacy directory /var/run/, updating /var/run/iscsiuio.pid → /run/iscsiuio.pid; please update the unit file accordingly.
May 14 05:46:06 localhost systemd[1]: /usr/lib/systemd/system/iscsid.service:11: PIDFile= references a path below legacy directory /var/run/, updating /var/run/iscsid.pid → /run/iscsid.pid; please update the unit file accordingly.
May 14 05:46:06 localhost systemd[1]: Started udev Wait for Complete Device Initialization.
May 14 05:46:06 localhost audit[1]: SERVICE_START pid=1 uid=0 auid=4294967295 ses=4294967295 subj=kernel msg='unit=systemd-udev-settle comm="systemd" exe="/usr/lib/systemd/systemd" hostname=? addr=? terminal=? res=success'
May 14 05:46:06 localhost kernel: audit: type=1130 audit(1589435166.581:9): pid=1 uid=0 auid=4294967295 ses=4294967295 subj=kernel msg='unit=systemd-udev-settle comm="systemd" exe="/usr/lib/systemd/systemd" hostname=? addr=? terminal=? res=success'
May 14 05:46:06 localhost systemd[1]: Starting Device-Mapper Multipath Device Controller...
May 14 05:46:06 localhost systemd[1]: Started Device-Mapper Multipath Device Controller.
May 14 05:46:06 localhost audit[1]: SERVICE_START pid=1 uid=0 auid=4294967295 ses=4294967295 subj=kernel msg='unit=multipathd comm="systemd" exe="/usr/lib/systemd/systemd" hostname=? addr=? terminal=? res=success'
May 14 05:46:06 localhost systemd[1]: Reached target Local File Systems (Pre).
May 14 05:46:06 localhost systemd[1]: Reached target Local File Systems.
May 14 05:46:06 localhost kernel: audit: type=1130 audit(1589435166.588:10): pid=1 uid=0 auid=4294967295 ses=4294967295 subj=kernel msg='unit=multipathd comm="systemd" exe="/usr/lib/systemd/systemd" hostname=? addr=? terminal=? res=success'
May 14 05:46:06 localhost systemd[1]: Starting Create Volatile Files and Directories...
May 14 05:46:06 localhost multipathd[891]: --------start up--------
May 14 05:46:06 localhost multipathd[891]: read /etc/multipath.conf
May 14 05:46:06 localhost multipathd[891]: path checkers start up
May 14 05:46:06 localhost systemd[1]: Started Create Volatile Files and Directories.
May 14 05:46:06 localhost audit[1]: SERVICE_START pid=1 uid=0 auid=4294967295 ses=4294967295 subj=kernel msg='unit=systemd-tmpfiles-setup comm="systemd" exe="/usr/lib/systemd/systemd" hostname=? addr=? terminal=? res=success'
May 14 05:46:06 localhost systemd[1]: Reached target System Initialization.
May 14 05:46:06 localhost systemd[1]: Listening on Open-iSCSI iscsid Socket.
May 14 05:46:06 localhost kernel: audit: type=1130 audit(1589435166.605:11): pid=1 uid=0 auid=4294967295 ses=4294967295 subj=kernel msg='unit=systemd-tmpfiles-setup comm="systemd" exe="/usr/lib/systemd/systemd" hostname=? addr=? terminal=? res=success'
May 14 05:46:06 localhost systemd[1]: Listening on Open-iSCSI iscsiuio Socket.
May 14 05:46:06 localhost systemd[1]: Reached target Sockets.
May 14 05:46:06 localhost systemd[1]: Reached target Basic System.
May 14 05:46:06 localhost systemd[1]: Starting iSCSI UserSpace I/O driver...
May 14 05:46:06 localhost systemd[1]: Started iSCSI UserSpace I/O driver.
May 14 05:46:06 localhost audit[1]: SERVICE_START pid=1 uid=0 auid=4294967295 ses=4294967295 subj=kernel msg='unit=iscsiuio comm="systemd" exe="/usr/lib/systemd/systemd" hostname=? addr=? terminal=? res=success'
May 14 05:46:06 localhost systemd[1]: Starting Open-iSCSI...
May 14 05:46:06 localhost iscsid[912]: iSCSI logger with pid=917 started!
May 14 05:46:06 localhost systemd[1]: Started Open-iSCSI.
May 14 05:46:06 localhost audit[1]: SERVICE_START pid=1 uid=0 auid=4294967295 ses=4294967295 subj=kernel msg='unit=iscsid comm="systemd" exe="/usr/lib/systemd/systemd" hostname=? addr=? terminal=? res=success'
May 14 05:46:06 localhost NetworkManager[929]: <info>  [1589435166.6475] NetworkManager (version 1.20.4-1.fc31) is starting... (for the first time)
May 14 05:46:06 localhost NetworkManager[929]: <info>  [1589435166.6476] Read config: /etc/NetworkManager/NetworkManager.conf
May 14 05:46:06 localhost NetworkManager[929]: <info>  [1589435166.6495] auth[0x55d2d785d4a0]: create auth-manager: D-Bus connection not available. Polkit is disabled and all requests are authenticated.
May 14 05:46:06 localhost NetworkManager[929]: <info>  [1589435166.6506] manager[0x55d2d7866060]: monitoring kernel firmware directory '/lib/firmware'.
May 14 05:46:06 localhost NetworkManager[929]: <info>  [1589435166.6510] hostname: hostname: hostnamed not used as proxy creation failed with: Could not connect: No such file or directory
May 14 05:46:06 localhost NetworkManager[929]: <info>  [1589435166.6512] dns-mgr[0x55d2d7861210]: init: dns=default,systemd-resolved rc-manager=symlink
May 14 05:46:06 localhost NetworkManager[929]: <info>  [1589435166.6528] Loaded device plugin: NMTeamFactory (/usr/lib64/NetworkManager/1.20.4-1.fc31/libnm-device-plugin-team.so)
May 14 05:46:06 localhost NetworkManager[929]: <info>  [1589435166.6529] manager: rfkill: Wi-Fi enabled by radio killswitch; enabled by state file
May 14 05:46:06 localhost NetworkManager[929]: <info>  [1589435166.6529] manager: rfkill: WWAN enabled by radio killswitch; enabled by state file
May 14 05:46:06 localhost NetworkManager[929]: <info>  [1589435166.6529] manager: Networking is enabled by state file
May 14 05:46:06 localhost NetworkManager[929]: <info>  [1589435166.6529] dhcp-init: Using DHCP client 'internal'
May 14 05:46:06 localhost NetworkManager[929]: <info>  [1589435166.6534] settings: Loaded settings plugin: ifcfg-rh ("/usr/lib64/NetworkManager/1.20.4-1.fc31/libnm-settings-plugin-ifcfg-rh.so")
May 14 05:46:06 localhost NetworkManager[929]: <info>  [1589435166.6534] settings: Loaded settings plugin: keyfile (internal)
May 14 05:46:06 localhost NetworkManager[929]: <info>  [1589435166.6549] device (lo): carrier: link connected
May 14 05:46:06 localhost NetworkManager[929]: <info>  [1589435166.6550] manager: (lo): new Generic device (/org/freedesktop/NetworkManager/Devices/1)
May 14 05:46:06 localhost NetworkManager[929]: <info>  [1589435166.6554] manager: (ens3): new Ethernet device (/org/freedesktop/NetworkManager/Devices/2)
May 14 05:46:06 localhost NetworkManager[929]: <info>  [1589435166.6557] device (ens3): state change: unmanaged -> unavailable (reason 'managed', sys-iface-state: 'external')
May 14 05:46:06 localhost NetworkManager[929]: <info>  [1589435166.6571] device (ens3): carrier: link connected
May 14 05:46:06 localhost kernel: 8021q: adding VLAN 0 to HW filter on device ens3
May 14 05:46:06 localhost NetworkManager[929]: <warn>  [1589435166.6586] sleep-monitor-sd: failed to acquire D-Bus proxy: Could not connect: No such file or directory
May 14 05:46:06 localhost NetworkManager[929]: <warn>  [1589435166.6586] firewall: could not connect to system D-Bus (Could not connect: No such file or directory)
May 14 05:46:06 localhost NetworkManager[929]: <warn>  [1589435166.6587] ifcfg-rh: dbus: couldn't initialize system bus: Could not connect: No such file or directory
May 14 05:46:06 localhost NetworkManager[929]: <info>  [1589435166.6588] device (ens3): state change: unavailable -> disconnected (reason 'none', sys-iface-state: 'managed')
May 14 05:46:06 localhost NetworkManager[929]: <info>  [1589435166.6591] policy: auto-activating connection 'Wired Connection' (c0087c87-06be-4b0c-93c6-957e984a5baf)
May 14 05:46:06 localhost NetworkManager[929]: <info>  [1589435166.6594] device (ens3): Activation: starting connection 'Wired Connection' (c0087c87-06be-4b0c-93c6-957e984a5baf)
May 14 05:46:06 localhost NetworkManager[929]: <info>  [1589435166.6595] device (ens3): state change: disconnected -> prepare (reason 'none', sys-iface-state: 'managed')
May 14 05:46:06 localhost NetworkManager[929]: <info>  [1589435166.6595] manager: NetworkManager state is now CONNECTING
May 14 05:46:06 localhost NetworkManager[929]: <info>  [1589435166.6596] device (ens3): state change: prepare -> config (reason 'none', sys-iface-state: 'managed')
May 14 05:46:06 localhost NetworkManager[929]: <info>  [1589435166.6598] device (ens3): state change: config -> ip-config (reason 'none', sys-iface-state: 'managed')
May 14 05:46:06 localhost NetworkManager[929]: <info>  [1589435166.6599] dhcp4 (ens3): activation: beginning transaction (timeout in 45 seconds)
May 14 05:46:07 localhost iscsid[917]: iSCSI daemon with pid=918 started!
May 14 05:46:07 localhost iscsid[917]: can't open InitiatorName configuration file /etc/iscsi/initiatorname.iscsi
May 14 05:46:07 localhost iscsid[917]: Warning: InitiatorName file /etc/iscsi/initiatorname.iscsi does not exist or does not contain a properly formatted InitiatorName. If using software iscsi (iscsi_tcp or ib_iser) or partial offload (bnx2i or cxgbi iscsi), you may not be able to log into or
May 14 05:46:07 localhost iscsid[917]: can't open InitiatorAlias configuration file /etc/iscsi/initiatorname.iscsi
May 14 05:46:09 localhost NetworkManager[929]: <info>  [1589435169.6709] dhcp4 (ens3): state changed unknown -> bound
May 14 05:46:09 localhost NetworkManager[929]: <info>  [1589435169.6717] device (ens3): state change: ip-config -> ip-check (reason 'none', sys-iface-state: 'managed')
May 14 05:46:09 localhost NetworkManager[929]: <info>  [1589435169.6719] device (ens3): state change: ip-check -> secondaries (reason 'none', sys-iface-state: 'managed')
May 14 05:46:09 localhost NetworkManager[929]: <info>  [1589435169.6720] device (ens3): state change: secondaries -> activated (reason 'none', sys-iface-state: 'managed')
May 14 05:46:09 localhost NetworkManager[929]: <info>  [1589435169.6723] manager: NetworkManager state is now CONNECTED_LOCAL
May 14 05:46:09 localhost NetworkManager[929]: <info>  [1589435169.6730] manager: NetworkManager state is now CONNECTED_SITE
May 14 05:46:09 localhost NetworkManager[929]: <info>  [1589435169.6731] policy: set 'Wired Connection' (ens3) as default for IPv4 routing and DNS
May 14 05:46:09 localhost NetworkManager[929]: <info>  [1589435169.6739] device (ens3): Activation: successful, device activated.
May 14 05:46:09 localhost NetworkManager[929]: <info>  [1589435169.6740] manager: NetworkManager state is now CONNECTED_GLOBAL
May 14 05:46:09 localhost NetworkManager[929]: <info>  [1589435169.6746] manager: startup complete
May 14 05:46:09 localhost NetworkManager[929]: <info>  [1589435169.6747] quitting now that startup is complete
May 14 05:46:09 localhost NetworkManager[929]: <info>  [1589435169.6754] dhcp4 (ens3): canceled DHCP transaction
May 14 05:46:09 localhost NetworkManager[929]: <info>  [1589435169.6755] dhcp4 (ens3): state changed bound -> done
May 14 05:46:09 localhost NetworkManager[929]: <info>  [1589435169.6755] device (ens3): DHCPv4: 480 seconds grace period started
May 14 05:46:09 localhost NetworkManager[929]: <info>  [1589435169.6756] manager: NetworkManager state is now CONNECTED_SITE
May 14 05:46:09 localhost NetworkManager[929]: <info>  [1589435169.6757] exiting (success)
May 14 05:46:09 localhost dracut-initqueue[826]: anaconda: stage2 locations are: https://kojipkgs.fedoraproject.org/compose/31/latest-Fedora-31/compose/Everything/x86_64/os/
May 14 05:46:09 localhost dracut-initqueue[826]: anaconda: fetching stage2 from https://kojipkgs.fedoraproject.org/compose/31/latest-Fedora-31/compose/Everything/x86_64/os/
May 14 05:46:09 localhost dracut-initqueue[826]:   % Total    % Received % Xferd  Average Speed   Time    Time     Time  Current
May 14 05:46:09 localhost dracut-initqueue[826]:                                  Dload  Upload   Total   Spent    Left  Speed
May 14 05:46:18 localhost dracut-initqueue[826]: [869B blob data]
May 14 05:46:18 localhost dracut-initqueue[826]: anaconda: successfully fetched stage2 from https://kojipkgs.fedoraproject.org/compose/31/latest-Fedora-31/compose/Everything/x86_64/os/
May 14 05:46:19 localhost kernel: loop: module loaded
May 14 05:46:19 localhost systemd[1]: run-initramfs-squashfs.mount: Succeeded.
May 14 05:46:19 localhost systemd[1]: Started dracut initqueue hook.
May 14 05:46:19 localhost kernel: kauditd_printk_skb: 2 callbacks suppressed
May 14 05:46:19 localhost kernel: audit: type=1130 audit(1589435179.386:14): pid=1 uid=0 auid=4294967295 ses=4294967295 subj=kernel msg='unit=dracut-initqueue comm="systemd" exe="/usr/lib/systemd/systemd" hostname=? addr=? terminal=? res=success'
May 14 05:46:19 localhost audit[1]: SERVICE_START pid=1 uid=0 auid=4294967295 ses=4294967295 subj=kernel msg='unit=dracut-initqueue comm="systemd" exe="/usr/lib/systemd/systemd" hostname=? addr=? terminal=? res=success'
May 14 05:46:19 localhost systemd[1]: Reached target Remote File Systems (Pre).
May 14 05:46:19 localhost systemd[1]: Reached target Remote File Systems.
May 14 05:46:19 localhost systemd[1]: Starting dracut pre-mount hook...
May 14 05:46:19 localhost systemd[1]: Started dracut pre-mount hook.
May 14 05:46:19 localhost audit[1]: SERVICE_START pid=1 uid=0 auid=4294967295 ses=4294967295 subj=kernel msg='unit=dracut-pre-mount comm="systemd" exe="/usr/lib/systemd/systemd" hostname=? addr=? terminal=? res=success'
May 14 05:46:19 localhost systemd[1]: Reached target Initrd Root File System.
May 14 05:46:19 localhost kernel: audit: type=1130 audit(1589435179.421:15): pid=1 uid=0 auid=4294967295 ses=4294967295 subj=kernel msg='unit=dracut-pre-mount comm="systemd" exe="/usr/lib/systemd/systemd" hostname=? addr=? terminal=? res=success'
May 14 05:46:19 localhost systemd[1]: Starting Reload Configuration from the Real Root...
May 14 05:46:19 localhost systemd[1]: Reloading.
May 14 05:46:19 localhost systemd[1]: /usr/lib/systemd/system/iscsiuio.service:13: PIDFile= references a path below legacy directory /var/run/, updating /var/run/iscsiuio.pid → /run/iscsiuio.pid; please update the unit file accordingly.
May 14 05:46:19 localhost systemd[1]: /usr/lib/systemd/system/iscsid.service:11: PIDFile= references a path below legacy directory /var/run/, updating /var/run/iscsid.pid → /run/iscsid.pid; please update the unit file accordingly.
May 14 05:46:19 localhost systemd[1]: initrd-parse-etc.service: Succeeded.
May 14 05:46:19 localhost systemd[1]: Started Reload Configuration from the Real Root.
May 14 05:46:19 localhost audit[1]: SERVICE_START pid=1 uid=0 auid=4294967295 ses=4294967295 subj=kernel msg='unit=initrd-parse-etc comm="systemd" exe="/usr/lib/systemd/systemd" hostname=? addr=? terminal=? res=success'
May 14 05:46:19 localhost audit[1]: SERVICE_STOP pid=1 uid=0 auid=4294967295 ses=4294967295 subj=kernel msg='unit=initrd-parse-etc comm="systemd" exe="/usr/lib/systemd/systemd" hostname=? addr=? terminal=? res=success'
May 14 05:46:19 localhost systemd[1]: Reached target Initrd File Systems.
May 14 05:46:19 localhost kernel: audit: type=1130 audit(1589435179.582:16): pid=1 uid=0 auid=4294967295 ses=4294967295 subj=kernel msg='unit=initrd-parse-etc comm="systemd" exe="/usr/lib/systemd/systemd" hostname=? addr=? terminal=? res=success'
May 14 05:46:19 localhost kernel: audit: type=1131 audit(1589435179.584:17): pid=1 uid=0 auid=4294967295 ses=4294967295 subj=kernel msg='unit=initrd-parse-etc comm="systemd" exe="/usr/lib/systemd/systemd" hostname=? addr=? terminal=? res=success'
May 14 05:46:19 localhost systemd[1]: Reached target Initrd Default Target.
May 14 05:46:19 localhost systemd[1]: Starting dracut mount hook...
May 14 05:46:19 localhost kernel: EXT4-fs (dm-0): mounted filesystem with ordered data mode. Opts: (null)
May 14 05:46:19 localhost audit[1]: SERVICE_START pid=1 uid=0 auid=4294967295 ses=4294967295 subj=kernel msg='unit=dracut-mount comm="systemd" exe="/usr/lib/systemd/systemd" hostname=? addr=? terminal=? res=success'
May 14 05:46:19 localhost systemd[1]: Started dracut mount hook.
May 14 05:46:19 localhost systemd[1]: Starting dracut pre-pivot and cleanup hook...
May 14 05:46:19 localhost kernel: audit: type=1130 audit(1589435179.653:18): pid=1 uid=0 auid=4294967295 ses=4294967295 subj=kernel msg='unit=dracut-mount comm="systemd" exe="/usr/lib/systemd/systemd" hostname=? addr=? terminal=? res=success'
May 14 05:46:20 localhost systemd[1]: var-lib-nfs-rpc_pipefs.mount: Succeeded.
May 14 05:46:20 localhost systemd[1]: Started dracut pre-pivot and cleanup hook.
May 14 05:46:20 localhost audit[1]: SERVICE_START pid=1 uid=0 auid=4294967295 ses=4294967295 subj=kernel msg='unit=dracut-pre-pivot comm="systemd" exe="/usr/lib/systemd/systemd" hostname=? addr=? terminal=? res=success'
May 14 05:46:20 localhost systemd[1]: Starting Cleaning Up and Shutting Down Daemons...
May 14 05:46:20 localhost kernel: audit: type=1130 audit(1589435180.981:19): pid=1 uid=0 auid=4294967295 ses=4294967295 subj=kernel msg='unit=dracut-pre-pivot comm="systemd" exe="/usr/lib/systemd/systemd" hostname=? addr=? terminal=? res=success'
May 14 05:46:21 localhost systemd[1]: Stopped target Timers.
May 14 05:46:21 localhost systemd[1]: dracut-pre-pivot.service: Succeeded.
May 14 05:46:21 localhost systemd[1]: Stopped dracut pre-pivot and cleanup hook.
May 14 05:46:21 localhost systemd[1]: dracut-pre-pivot.service: Consumed 3.854s CPU time.
May 14 05:46:21 localhost systemd[1]: Stopped target Initrd Default Target.
May 14 05:46:21 localhost audit[1]: SERVICE_STOP pid=1 uid=0 auid=4294967295 ses=4294967295 subj=kernel msg='unit=dracut-pre-pivot comm="systemd" exe="/usr/lib/systemd/systemd" hostname=? addr=? terminal=? res=success'
May 14 05:46:21 localhost kernel: audit: type=1131 audit(1589435181.000:20): pid=1 uid=0 auid=4294967295 ses=4294967295 subj=kernel msg='unit=dracut-pre-pivot comm="systemd" exe="/usr/lib/systemd/systemd" hostname=? addr=? terminal=? res=success'
May 14 05:46:21 localhost systemd[1]: Stopped target Basic System.
May 14 05:46:21 localhost systemd[1]: Stopped target Initrd Root Device.
May 14 05:46:21 localhost systemd[1]: Stopped target Paths.
May 14 05:46:21 localhost systemd[1]: Stopped target Remote File Systems.
May 14 05:46:21 localhost systemd[1]: Stopped target Remote File Systems (Pre).
May 14 05:46:21 localhost systemd[1]: Stopped target Slices.
May 14 05:46:21 localhost systemd[1]: Stopped target Sockets.
May 14 05:46:21 localhost systemd[1]: dracut-mount.service: Succeeded.
May 14 05:46:21 localhost systemd[1]: Stopped dracut mount hook.
May 14 05:46:21 localhost audit[1]: SERVICE_STOP pid=1 uid=0 auid=4294967295 ses=4294967295 subj=kernel msg='unit=dracut-mount comm="systemd" exe="/usr/lib/systemd/systemd" hostname=? addr=? terminal=? res=success'
May 14 05:46:21 localhost systemd[1]: dracut-pre-mount.service: Succeeded.
May 14 05:46:21 localhost kernel: audit: type=1131 audit(1589435181.007:21): pid=1 uid=0 auid=4294967295 ses=4294967295 subj=kernel msg='unit=dracut-mount comm="systemd" exe="/usr/lib/systemd/systemd" hostname=? addr=? terminal=? res=success'
May 14 05:46:21 localhost systemd[1]: Stopped dracut pre-mount hook.
May 14 05:46:21 localhost audit[1]: SERVICE_STOP pid=1 uid=0 auid=4294967295 ses=4294967295 subj=kernel msg='unit=dracut-pre-mount comm="systemd" exe="/usr/lib/systemd/systemd" hostname=? addr=? terminal=? res=success'
May 14 05:46:21 localhost kernel: audit: type=1131 audit(1589435181.009:22): pid=1 uid=0 auid=4294967295 ses=4294967295 subj=kernel msg='unit=dracut-pre-mount comm="systemd" exe="/usr/lib/systemd/systemd" hostname=? addr=? terminal=? res=success'
May 14 05:46:21 localhost systemd[1]: dracut-initqueue.service: Succeeded.
May 14 05:46:21 localhost systemd[1]: Stopped dracut initqueue hook.
May 14 05:46:21 localhost audit[1]: SERVICE_STOP pid=1 uid=0 auid=4294967295 ses=4294967295 subj=kernel msg='unit=dracut-initqueue comm="systemd" exe="/usr/lib/systemd/systemd" hostname=? addr=? terminal=? res=success'
May 14 05:46:21 localhost systemd[1]: Stopping Open-iSCSI...
May 14 05:46:21 localhost kernel: audit: type=1131 audit(1589435181.012:23): pid=1 uid=0 auid=4294967295 ses=4294967295 subj=kernel msg='unit=dracut-initqueue comm="systemd" exe="/usr/lib/systemd/systemd" hostname=? addr=? terminal=? res=success'
May 14 05:46:21 localhost systemd[1]: Starting Plymouth switch root service...
May 14 05:46:21 localhost systemd[1]: Starting Setup Virtual Console...
May 14 05:46:21 localhost audit[1]: SERVICE_START pid=1 uid=0 auid=4294967295 ses=4294967295 subj=kernel msg='unit=initrd-cleanup comm="systemd" exe="/usr/lib/systemd/systemd" hostname=? addr=? terminal=? res=success'
May 14 05:46:21 localhost audit[1]: SERVICE_STOP pid=1 uid=0 auid=4294967295 ses=4294967295 subj=kernel msg='unit=initrd-cleanup comm="systemd" exe="/usr/lib/systemd/systemd" hostname=? addr=? terminal=? res=success'
May 14 05:46:21 localhost systemd[1]: initrd-cleanup.service: Succeeded.
May 14 05:46:21 localhost iscsid[917]: iscsid shutting down.
May 14 05:46:21 localhost systemd[1]: Started Cleaning Up and Shutting Down Daemons.
May 14 05:46:21 localhost systemd[1]: iscsid.service: Succeeded.
May 14 05:46:21 localhost systemd[1]: Stopped Open-iSCSI.
May 14 05:46:21 localhost audit[1]: SERVICE_STOP pid=1 uid=0 auid=4294967295 ses=4294967295 subj=kernel msg='unit=iscsid comm="systemd" exe="/usr/lib/systemd/systemd" hostname=? addr=? terminal=? res=success'
May 14 05:46:21 localhost systemd[1]: iscsid.socket: Succeeded.
May 14 05:46:21 localhost systemd[1]: Closed Open-iSCSI iscsid Socket.
May 14 05:46:21 localhost systemd[1]: Stopping iSCSI UserSpace I/O driver...
May 14 05:46:21 localhost systemd[1]: iscsiuio.service: Succeeded.
May 14 05:46:21 localhost systemd[1]: Stopped iSCSI UserSpace I/O driver.
May 14 05:46:21 localhost audit[1]: SERVICE_STOP pid=1 uid=0 auid=4294967295 ses=4294967295 subj=kernel msg='unit=iscsiuio comm="systemd" exe="/usr/lib/systemd/systemd" hostname=? addr=? terminal=? res=success'
May 14 05:46:21 localhost systemd[1]: iscsiuio.socket: Succeeded.
May 14 05:46:21 localhost systemd[1]: Closed Open-iSCSI iscsiuio Socket.
May 14 05:46:21 localhost systemd[1]: Stopped target System Initialization.
May 14 05:46:21 localhost systemd[1]: Stopped target Local Encrypted Volumes.
May 14 05:46:21 localhost systemd[1]: Stopped target Swap.
May 14 05:46:21 localhost systemd[1]: systemd-sysctl.service: Succeeded.
May 14 05:46:21 localhost systemd[1]: Stopped Apply Kernel Variables.
May 14 05:46:21 localhost audit[1]: SERVICE_STOP pid=1 uid=0 auid=4294967295 ses=4294967295 subj=kernel msg='unit=systemd-sysctl comm="systemd" exe="/usr/lib/systemd/systemd" hostname=? addr=? terminal=? res=success'
May 14 05:46:21 localhost systemd[1]: systemd-tmpfiles-setup.service: Succeeded.
May 14 05:46:21 localhost systemd[1]: Stopped Create Volatile Files and Directories.
May 14 05:46:21 localhost audit[1]: SERVICE_STOP pid=1 uid=0 auid=4294967295 ses=4294967295 subj=kernel msg='unit=systemd-tmpfiles-setup comm="systemd" exe="/usr/lib/systemd/systemd" hostname=? addr=? terminal=? res=success'
May 14 05:46:21 localhost systemd[1]: Stopped target Local File Systems.
May 14 05:46:21 localhost systemd[1]: Stopped target Local File Systems (Pre).
May 14 05:46:21 localhost systemd[1]: Stopping Device-Mapper Multipath Device Controller...
May 14 05:46:21 localhost systemd[1]: systemd-vconsole-setup.service: Succeeded.
May 14 05:46:21 localhost audit[1]: SERVICE_START pid=1 uid=0 auid=4294967295 ses=4294967295 subj=kernel msg='unit=systemd-vconsole-setup comm="systemd" exe="/usr/lib/systemd/systemd" hostname=? addr=? terminal=? res=success'
May 14 05:46:21 localhost audit[1]: SERVICE_STOP pid=1 uid=0 auid=4294967295 ses=4294967295 subj=kernel msg='unit=systemd-vconsole-setup comm="systemd" exe="/usr/lib/systemd/systemd" hostname=? addr=? terminal=? res=success'
May 14 05:46:21 localhost systemd[1]: Started Setup Virtual Console.
May 14 05:46:21 localhost multipathd[1284]: ok
May 14 05:46:21 localhost multipathd[891]: --------shut down-------
May 14 05:46:21 localhost systemd[1]: multipathd.service: Succeeded.
May 14 05:46:21 localhost systemd[1]: Stopped Device-Mapper Multipath Device Controller.
May 14 05:46:21 localhost audit[1]: SERVICE_STOP pid=1 uid=0 auid=4294967295 ses=4294967295 subj=kernel msg='unit=multipathd comm="systemd" exe="/usr/lib/systemd/systemd" hostname=? addr=? terminal=? res=success'
May 14 05:46:21 localhost systemd[1]: systemd-udev-settle.service: Succeeded.
May 14 05:46:21 localhost systemd[1]: Stopped udev Wait for Complete Device Initialization.
May 14 05:46:21 localhost audit[1]: SERVICE_STOP pid=1 uid=0 auid=4294967295 ses=4294967295 subj=kernel msg='unit=systemd-udev-settle comm="systemd" exe="/usr/lib/systemd/systemd" hostname=? addr=? terminal=? res=success'
May 14 05:46:21 localhost systemd[1]: systemd-udev-trigger.service: Succeeded.
May 14 05:46:21 localhost systemd[1]: Stopped udev Coldplug all Devices.
May 14 05:46:21 localhost audit[1]: SERVICE_STOP pid=1 uid=0 auid=4294967295 ses=4294967295 subj=kernel msg='unit=systemd-udev-trigger comm="systemd" exe="/usr/lib/systemd/systemd" hostname=? addr=? terminal=? res=success'
May 14 05:46:21 localhost systemd[1]: dracut-pre-trigger.service: Succeeded.
May 14 05:46:21 localhost systemd[1]: Stopped dracut pre-trigger hook.
May 14 05:46:21 localhost audit[1]: SERVICE_STOP pid=1 uid=0 auid=4294967295 ses=4294967295 subj=kernel msg='unit=dracut-pre-trigger comm="systemd" exe="/usr/lib/systemd/systemd" hostname=? addr=? terminal=? res=success'
May 14 05:46:21 localhost systemd[1]: Stopping udev Kernel Device Manager...
May 14 05:46:21 localhost systemd[1]: plymouth-switch-root.service: Succeeded.
May 14 05:46:21 localhost systemd[1]: Started Plymouth switch root service.
May 14 05:46:21 localhost audit[1]: SERVICE_START pid=1 uid=0 auid=4294967295 ses=4294967295 subj=kernel msg='unit=plymouth-switch-root comm="systemd" exe="/usr/lib/systemd/systemd" hostname=? addr=? terminal=? res=success'
May 14 05:46:21 localhost audit[1]: SERVICE_STOP pid=1 uid=0 auid=4294967295 ses=4294967295 subj=kernel msg='unit=plymouth-switch-root comm="systemd" exe="/usr/lib/systemd/systemd" hostname=? addr=? terminal=? res=success'
May 14 05:46:21 localhost systemd[1]: systemd-udevd.service: Succeeded.
May 14 05:46:21 localhost systemd[1]: Stopped udev Kernel Device Manager.
May 14 05:46:21 localhost audit[1]: SERVICE_STOP pid=1 uid=0 auid=4294967295 ses=4294967295 subj=kernel msg='unit=systemd-udevd comm="systemd" exe="/usr/lib/systemd/systemd" hostname=? addr=? terminal=? res=success'
May 14 05:46:21 localhost systemd[1]: systemd-udevd-control.socket: Succeeded.
May 14 05:46:21 localhost systemd[1]: Closed udev Control Socket.
May 14 05:46:21 localhost systemd[1]: systemd-udevd-kernel.socket: Succeeded.
May 14 05:46:21 localhost systemd[1]: Closed udev Kernel Socket.
May 14 05:46:21 localhost systemd[1]: dracut-pre-udev.service: Succeeded.
May 14 05:46:21 localhost systemd[1]: Stopped dracut pre-udev hook.
May 14 05:46:21 localhost audit[1]: SERVICE_STOP pid=1 uid=0 auid=4294967295 ses=4294967295 subj=kernel msg='unit=dracut-pre-udev comm="systemd" exe="/usr/lib/systemd/systemd" hostname=? addr=? terminal=? res=success'
May 14 05:46:21 localhost systemd[1]: dracut-cmdline.service: Succeeded.
May 14 05:46:21 localhost systemd[1]: Stopped dracut cmdline hook.
May 14 05:46:21 localhost audit[1]: SERVICE_STOP pid=1 uid=0 auid=4294967295 ses=4294967295 subj=kernel msg='unit=dracut-cmdline comm="systemd" exe="/usr/lib/systemd/systemd" hostname=? addr=? terminal=? res=success'
May 14 05:46:21 localhost systemd[1]: Starting Cleanup udevd DB...
May 14 05:46:21 localhost systemd[1]: systemd-tmpfiles-setup-dev.service: Succeeded.
May 14 05:46:21 localhost systemd[1]: Stopped Create Static Device Nodes in /dev.
May 14 05:46:21 localhost audit[1]: SERVICE_STOP pid=1 uid=0 auid=4294967295 ses=4294967295 subj=kernel msg='unit=systemd-tmpfiles-setup-dev comm="systemd" exe="/usr/lib/systemd/systemd" hostname=? addr=? terminal=? res=success'
May 14 05:46:21 localhost systemd[1]: kmod-static-nodes.service: Succeeded.
May 14 05:46:21 localhost systemd[1]: Stopped Create list of static device nodes for the current kernel.
May 14 05:46:21 localhost audit[1]: SERVICE_STOP pid=1 uid=0 auid=4294967295 ses=4294967295 subj=kernel msg='unit=kmod-static-nodes comm="systemd" exe="/usr/lib/systemd/systemd" hostname=? addr=? terminal=? res=success'
May 14 05:46:21 localhost systemd[1]: initrd-udevadm-cleanup-db.service: Succeeded.
May 14 05:46:21 localhost systemd[1]: Started Cleanup udevd DB.
May 14 05:46:21 localhost audit[1]: SERVICE_START pid=1 uid=0 auid=4294967295 ses=4294967295 subj=kernel msg='unit=initrd-udevadm-cleanup-db comm="systemd" exe="/usr/lib/systemd/systemd" hostname=? addr=? terminal=? res=success'
May 14 05:46:21 localhost audit[1]: SERVICE_STOP pid=1 uid=0 auid=4294967295 ses=4294967295 subj=kernel msg='unit=initrd-udevadm-cleanup-db comm="systemd" exe="/usr/lib/systemd/systemd" hostname=? addr=? terminal=? res=success'
May 14 05:46:21 localhost systemd[1]: Reached target Switch Root.
May 14 05:46:21 localhost systemd[1]: Starting Switch Root...
May 14 05:46:21 localhost systemd[1]: Switching root.
May 14 05:46:21 localhost systemd-journald[245]: Journal stopped
May 14 05:46:23 localhost systemd-journald[245]: Received SIGTERM from PID 1 (systemd).
May 14 05:46:23 localhost kernel: printk: systemd: 22 output lines suppressed due to ratelimiting
May 14 05:46:23 localhost kernel: SELinux:  policy capability network_peer_controls=1
May 14 05:46:23 localhost kernel: SELinux:  policy capability open_perms=1
May 14 05:46:23 localhost kernel: SELinux:  policy capability extended_socket_class=1
May 14 05:46:23 localhost kernel: SELinux:  policy capability always_check_network=0
May 14 05:46:23 localhost kernel: SELinux:  policy capability cgroup_seclabel=1
May 14 05:46:23 localhost kernel: SELinux:  policy capability nnp_nosuid_transition=1
May 14 05:46:23 localhost systemd[1]: Successfully loaded SELinux policy in 618.694ms.
May 14 05:46:23 localhost systemd[1]: Relabelled /dev, /dev/shm, /run, /sys/fs/cgroup in 38.207ms.
May 14 05:46:23 localhost systemd[1]: systemd v243-4.gitef67743.fc31 running in system mode. (+PAM +AUDIT +SELINUX +IMA -APPARMOR +SMACK +SYSVINIT +UTMP +LIBCRYPTSETUP +GCRYPT +GNUTLS +ACL +XZ +LZ4 +SECCOMP +BLKID +ELFUTILS +KMOD +IDN2 -IDN +PCRE2 default-hierarchy=unified)
May 14 05:46:23 localhost systemd[1]: Detected virtualization kvm.
May 14 05:46:23 localhost systemd[1]: Detected architecture x86-64.
May 14 05:46:23 localhost systemd[1]: Initializing machine ID from KVM UUID.
May 14 05:46:23 localhost systemd[1]: /usr/lib/systemd/system/iscsiuio.service:13: PIDFile= references a path below legacy directory /var/run/, updating /var/run/iscsiuio.pid → /run/iscsiuio.pid; please update the unit file accordingly.
May 14 05:46:23 localhost systemd[1]: /usr/lib/systemd/system/iscsid.service:11: PIDFile= references a path below legacy directory /var/run/, updating /var/run/iscsid.pid → /run/iscsid.pid; please update the unit file accordingly.
May 14 05:46:23 localhost systemd[1]: initrd-switch-root.service: Succeeded.
May 14 05:46:23 localhost systemd[1]: Stopped Switch Root.
May 14 05:46:23 localhost systemd[1]: systemd-journald.service: Service has no hold-off time (RestartSec=0), scheduling restart.
May 14 05:46:23 localhost systemd[1]: systemd-journald.service: Scheduled restart job, restart counter is at 1.
May 14 05:46:23 localhost systemd-journald[1320]: Journal started
May 14 05:46:23 localhost systemd-journald[1320]: Runtime Journal (/run/log/journal/d9445f7d26154c84b863f39fcdf24a96) is 8.0M, max 196.7M, 188.7M free.
May 14 05:46:22 localhost audit: MAC_POLICY_LOAD auid=4294967295 ses=4294967295 lsm=selinux res=1
May 14 05:46:23 localhost audit[1]: SERVICE_STOP pid=1 uid=0 auid=4294967295 ses=4294967295 subj=system_u:system_r:kernel_t:s0 msg='unit=systemd-journald comm="systemd" exe="/usr/lib/systemd/systemd" hostname=? addr=? terminal=? res=success'
May 14 05:46:23 localhost audit[1]: SERVICE_START pid=1 uid=0 auid=4294967295 ses=4294967295 subj=system_u:system_r:kernel_t:s0 msg='unit=initrd-switch-root comm="systemd" exe="/usr/lib/systemd/systemd" hostname=? addr=? terminal=? res=success'
May 14 05:46:23 localhost audit[1]: SERVICE_STOP pid=1 uid=0 auid=4294967295 ses=4294967295 subj=system_u:system_r:kernel_t:s0 msg='unit=initrd-switch-root comm="systemd" exe="/usr/lib/systemd/systemd" hostname=? addr=? terminal=? res=success'
May 14 05:46:23 localhost audit[1]: SERVICE_START pid=1 uid=0 auid=4294967295 ses=4294967295 subj=system_u:system_r:kernel_t:s0 msg='unit=systemd-journald comm="systemd" exe="/usr/lib/systemd/systemd" hostname=? addr=? terminal=? res=success'
May 14 05:46:23 localhost audit[1]: SERVICE_STOP pid=1 uid=0 auid=4294967295 ses=4294967295 subj=system_u:system_r:kernel_t:s0 msg='unit=systemd-journald comm="systemd" exe="/usr/lib/systemd/systemd" hostname=? addr=? terminal=? res=success'
May 14 05:46:23 localhost audit[1]: SERVICE_START pid=1 uid=0 auid=4294967295 ses=4294967295 subj=system_u:system_r:kernel_t:s0 msg='unit=kmod-static-nodes comm="systemd" exe="/usr/lib/systemd/systemd" hostname=? addr=? terminal=? res=success'
May 14 05:46:23 localhost audit[1]: SERVICE_START pid=1 uid=0 auid=4294967295 ses=4294967295 subj=system_u:system_r:kernel_t:s0 msg='unit=systemd-remount-fs comm="systemd" exe="/usr/lib/systemd/systemd" hostname=? addr=? terminal=? res=success'
May 14 05:46:23 localhost audit[1]: SERVICE_START pid=1 uid=0 auid=4294967295 ses=4294967295 subj=system_u:system_r:kernel_t:s0 msg='unit=systemd-sysctl comm="systemd" exe="/usr/lib/systemd/systemd" hostname=? addr=? terminal=? res=success'
May 14 05:46:23 localhost audit[1]: SERVICE_START pid=1 uid=0 auid=4294967295 ses=4294967295 subj=system_u:system_r:kernel_t:s0 msg='unit=systemd-random-seed comm="systemd" exe="/usr/lib/systemd/systemd" hostname=? addr=? terminal=? res=success'
May 14 05:46:23 localhost audit[1]: SERVICE_START pid=1 uid=0 auid=4294967295 ses=4294967295 subj=system_u:system_r:kernel_t:s0 msg='unit=systemd-sysusers comm="systemd" exe="/usr/lib/systemd/systemd" hostname=? addr=? terminal=? res=success'
May 14 05:46:23 localhost audit[1]: SERVICE_START pid=1 uid=0 auid=4294967295 ses=4294967295 subj=system_u:system_r:kernel_t:s0 msg='unit=systemd-tmpfiles-setup-dev comm="systemd" exe="/usr/lib/systemd/systemd" hostname=? addr=? terminal=? res=success'
May 14 05:46:23 localhost audit[1]: SERVICE_START pid=1 uid=0 auid=4294967295 ses=4294967295 subj=system_u:system_r:kernel_t:s0 msg='unit=systemd-udev-trigger comm="systemd" exe="/usr/lib/systemd/systemd" hostname=? addr=? terminal=? res=success'
May 14 05:46:23 localhost audit[1]: SERVICE_START pid=1 uid=0 auid=4294967295 ses=4294967295 subj=system_u:system_r:kernel_t:s0 msg='unit=systemd-vconsole-setup comm="systemd" exe="/usr/lib/systemd/systemd" hostname=? addr=? terminal=? res=success'
May 14 05:46:23 localhost audit[1]: SERVICE_STOP pid=1 uid=0 auid=4294967295 ses=4294967295 subj=system_u:system_r:kernel_t:s0 msg='unit=systemd-vconsole-setup comm="systemd" exe="/usr/lib/systemd/systemd" hostname=? addr=? terminal=? res=success'
May 14 05:46:23 localhost audit: CONFIG_CHANGE op=set audit_enabled=1 old=1 auid=4294967295 ses=4294967295 subj=system_u:system_r:kernel_t:s0 res=1
May 14 05:46:23 localhost audit[1]: SERVICE_START pid=1 uid=0 auid=4294967295 ses=4294967295 subj=system_u:system_r:kernel_t:s0 msg='unit=systemd-journald comm="systemd" exe="/usr/lib/systemd/systemd" hostname=? addr=? terminal=? res=success'
May 14 05:46:23 localhost systemd[1]: systemd-journald.service: Succeeded.
May 14 05:46:23 localhost systemd[1]: Starting Flush Journal to Persistent Storage...
May 14 05:46:23 localhost systemd-journald[1320]: Runtime Journal (/run/log/journal/d9445f7d26154c84b863f39fcdf24a96) is 8.0M, max 196.7M, 188.7M free.
May 14 05:46:23 localhost systemd[1]: Started Flush Journal to Persistent Storage.
May 14 05:46:23 localhost audit[1]: SERVICE_START pid=1 uid=0 auid=4294967295 ses=4294967295 subj=system_u:system_r:kernel_t:s0 msg='unit=systemd-journal-flush comm="systemd" exe="/usr/lib/systemd/systemd" hostname=? addr=? terminal=? res=success'
May 14 05:46:24 localhost systemd[1]: Started Rebuild Hardware Database.
May 14 05:46:24 localhost audit[1]: SERVICE_START pid=1 uid=0 auid=4294967295 ses=4294967295 subj=system_u:system_r:kernel_t:s0 msg='unit=systemd-hwdb-update comm="systemd" exe="/usr/lib/systemd/systemd" hostname=? addr=? terminal=? res=success'
May 14 05:46:24 localhost systemd[1]: Starting udev Kernel Device Manager...
May 14 05:46:24 localhost systemd-udevd[1336]: /usr/lib/udev/rules.d/65-md-incremental.rules:28 Invalid value "/sbin/mdadm -I $env{DEVNAME} --export $devnode --offroot ${DEVLINKS}" for IMPORT (char 58: invalid substitution type), ignoring, but please fix it.
May 14 05:46:24 localhost systemd[1]: Started udev Kernel Device Manager.
May 14 05:46:24 localhost audit[1]: SERVICE_START pid=1 uid=0 auid=4294967295 ses=4294967295 subj=system_u:system_r:kernel_t:s0 msg='unit=systemd-udevd comm="systemd" exe="/usr/lib/systemd/systemd" hostname=? addr=? terminal=? res=success'
May 14 05:46:24 localhost kernel: kauditd_printk_skb: 40 callbacks suppressed
May 14 05:46:24 localhost kernel: audit: type=1130 audit(1589435184.679:64): pid=1 uid=0 auid=4294967295 ses=4294967295 subj=system_u:system_r:kernel_t:s0 msg='unit=systemd-udevd comm="systemd" exe="/usr/lib/systemd/systemd" hostname=? addr=? terminal=? res=success'
May 14 05:46:24 localhost systemd[1]: Starting Initialize the iWARP/InfiniBand/RDMA stack in the kernel...
May 14 05:46:24 localhost kernel: piix4_smbus 0000:00:01.3: SMBus Host Controller at 0x700, revision 0
May 14 05:46:24 localhost systemd-udevd[1338]: Using default interface naming scheme 'v243'.
May 14 05:46:24 localhost systemd-udevd[1338]: ethtool: autonegotiation is unset or enabled, the speed and duplex are not writable.
May 14 05:46:24 localhost systemd-udevd[1340]: ethtool: autonegotiation is unset or enabled, the speed and duplex are not writable.
May 14 05:46:24 localhost udevadm[1334]: systemd-udev-settle.service is deprecated.
May 14 05:46:24 localhost kernel: cirrus 0000:00:02.0: remove_conflicting_pci_framebuffers: bar 0: 0xfc000000 -> 0xfdffffff
May 14 05:46:24 localhost kernel: cirrus 0000:00:02.0: remove_conflicting_pci_framebuffers: bar 1: 0xfebd0000 -> 0xfebd0fff
May 14 05:46:24 localhost kernel: cirrus 0000:00:02.0: vgaarb: deactivate vga console
May 14 05:46:24 localhost kernel: Console: switching to colour dummy device 80x25
May 14 05:46:24 localhost kernel: [drm] Initialized cirrus 2.0.0 2019 for 0000:00:02.0 on minor 0
May 14 05:46:24 localhost kernel: fbcon: cirrusdrmfb (fb0) is primary device
May 14 05:46:24 localhost kernel: Console: switching to colour frame buffer device 128x48
May 14 05:46:24 localhost kernel: cirrus 0000:00:02.0: fb0: cirrusdrmfb frame buffer device
May 14 05:46:25 localhost audit[1]: SERVICE_START pid=1 uid=0 auid=4294967295 ses=4294967295 subj=system_u:system_r:kernel_t:s0 msg='unit=systemd-udev-settle comm="systemd" exe="/usr/lib/systemd/systemd" hostname=? addr=? terminal=? res=success'
May 14 05:46:25 localhost systemd[1]: Started udev Wait for Complete Device Initialization.
May 14 05:46:25 localhost kernel: audit: type=1130 audit(1589435185.109:65): pid=1 uid=0 auid=4294967295 ses=4294967295 subj=system_u:system_r:kernel_t:s0 msg='unit=systemd-udev-settle comm="systemd" exe="/usr/lib/systemd/systemd" hostname=? addr=? terminal=? res=success'
May 14 05:46:25 localhost systemd[1]: Starting Activation of DM RAID sets...
May 14 05:46:25 localhost systemd[1]: Starting Device-Mapper Multipath Device Controller...
May 14 05:46:25 localhost kernel: alua: device handler registered
May 14 05:46:25 localhost kernel: emc: device handler registered
May 14 05:46:25 localhost kernel: rdac: device handler registered
May 14 05:46:25 localhost systemd[1]: dmraid-activation.service: Succeeded.
May 14 05:46:25 localhost systemd[1]: Started Activation of DM RAID sets.
May 14 05:46:25 localhost systemd[1]: Reached target Local Encrypted Volumes.
May 14 05:46:25 localhost audit[1]: SERVICE_START pid=1 uid=0 auid=4294967295 ses=4294967295 subj=system_u:system_r:kernel_t:s0 msg='unit=dmraid-activation comm="systemd" exe="/usr/lib/systemd/systemd" hostname=? addr=? terminal=? res=success'
May 14 05:46:25 localhost audit[1]: SERVICE_STOP pid=1 uid=0 auid=4294967295 ses=4294967295 subj=system_u:system_r:kernel_t:s0 msg='unit=dmraid-activation comm="systemd" exe="/usr/lib/systemd/systemd" hostname=? addr=? terminal=? res=success'
May 14 05:46:25 localhost kernel: audit: type=1130 audit(1589435185.233:66): pid=1 uid=0 auid=4294967295 ses=4294967295 subj=system_u:system_r:kernel_t:s0 msg='unit=dmraid-activation comm="systemd" exe="/usr/lib/systemd/systemd" hostname=? addr=? terminal=? res=success'
May 14 05:46:25 localhost kernel: audit: type=1131 audit(1589435185.233:67): pid=1 uid=0 auid=4294967295 ses=4294967295 subj=system_u:system_r:kernel_t:s0 msg='unit=dmraid-activation comm="systemd" exe="/usr/lib/systemd/systemd" hostname=? addr=? terminal=? res=success'
May 14 05:46:25 localhost multipathd[1421]: --------start up--------
May 14 05:46:25 localhost multipathd[1421]: read /etc/multipath.conf
May 14 05:46:25 localhost multipathd[1421]: path checkers start up
May 14 05:46:25 localhost systemd[1]: Started Device-Mapper Multipath Device Controller.
May 14 05:46:25 localhost systemd[1]: Reached target Local File Systems (Pre).
May 14 05:46:25 localhost systemd[1]: Reached target Local File Systems.
May 14 05:46:25 localhost systemd[1]: Starting Import network configuration from initramfs...
May 14 05:46:25 localhost systemd[1]: Starting Rebuild Dynamic Linker Cache...
May 14 05:46:25 localhost audit[1]: SERVICE_START pid=1 uid=0 auid=4294967295 ses=4294967295 subj=system_u:system_r:kernel_t:s0 msg='unit=multipathd comm="systemd" exe="/usr/lib/systemd/systemd" hostname=? addr=? terminal=? res=success'
May 14 05:46:25 localhost systemd[1]: Starting Tell Plymouth To Write Out Runtime Data...
May 14 05:46:25 localhost kernel: audit: type=1130 audit(1589435185.325:68): pid=1 uid=0 auid=4294967295 ses=4294967295 subj=system_u:system_r:kernel_t:s0 msg='unit=multipathd comm="systemd" exe="/usr/lib/systemd/systemd" hostname=? addr=? terminal=? res=success'
May 14 05:46:25 localhost systemd[1]: Condition check resulted in Mark the need to relabel after reboot being skipped.
May 14 05:46:25 localhost systemd[1]: Condition check resulted in Store a System Token in an EFI Variable being skipped.
May 14 05:46:25 localhost systemd[1]: Condition check resulted in Commit a transient machine-id on disk being skipped.
May 14 05:46:25 localhost systemd[1]: Received SIGRTMIN+20 from PID 829 (plymouthd).
May 14 05:46:25 localhost systemd[1]: plymouth-read-write.service: Succeeded.
May 14 05:46:25 localhost systemd[1]: Started Tell Plymouth To Write Out Runtime Data.
May 14 05:46:25 localhost kernel: audit: type=1130 audit(1589435185.387:69): pid=1 uid=0 auid=4294967295 ses=4294967295 subj=system_u:system_r:kernel_t:s0 msg='unit=plymouth-read-write comm="systemd" exe="/usr/lib/systemd/systemd" hostname=? addr=? terminal=? res=success'
May 14 05:46:25 localhost kernel: audit: type=1131 audit(1589435185.387:70): pid=1 uid=0 auid=4294967295 ses=4294967295 subj=system_u:system_r:kernel_t:s0 msg='unit=plymouth-read-write comm="systemd" exe="/usr/lib/systemd/systemd" hostname=? addr=? terminal=? res=success'
May 14 05:46:25 localhost audit[1]: SERVICE_START pid=1 uid=0 auid=4294967295 ses=4294967295 subj=system_u:system_r:kernel_t:s0 msg='unit=plymouth-read-write comm="systemd" exe="/usr/lib/systemd/systemd" hostname=? addr=? terminal=? res=success'
May 14 05:46:25 localhost audit[1]: SERVICE_STOP pid=1 uid=0 auid=4294967295 ses=4294967295 subj=system_u:system_r:kernel_t:s0 msg='unit=plymouth-read-write comm="systemd" exe="/usr/lib/systemd/systemd" hostname=? addr=? terminal=? res=success'
May 14 05:46:25 localhost systemd[1]: Started Import network configuration from initramfs.
May 14 05:46:25 localhost audit[1]: SERVICE_START pid=1 uid=0 auid=4294967295 ses=4294967295 subj=system_u:system_r:kernel_t:s0 msg='unit=import-state comm="systemd" exe="/usr/lib/systemd/systemd" hostname=? addr=? terminal=? res=success'
May 14 05:46:25 localhost kernel: audit: type=1130 audit(1589435185.442:71): pid=1 uid=0 auid=4294967295 ses=4294967295 subj=system_u:system_r:kernel_t:s0 msg='unit=import-state comm="systemd" exe="/usr/lib/systemd/systemd" hostname=? addr=? terminal=? res=success'
May 14 05:46:25 localhost systemd[1]: Starting Create Volatile Files and Directories...
May 14 05:46:25 localhost systemd[1]: Started Create Volatile Files and Directories.
May 14 05:46:25 localhost audit[1]: SERVICE_START pid=1 uid=0 auid=4294967295 ses=4294967295 subj=system_u:system_r:kernel_t:s0 msg='unit=systemd-tmpfiles-setup comm="systemd" exe="/usr/lib/systemd/systemd" hostname=? addr=? terminal=? res=success'
May 14 05:46:25 localhost kernel: audit: type=1130 audit(1589435185.506:72): pid=1 uid=0 auid=4294967295 ses=4294967295 subj=system_u:system_r:kernel_t:s0 msg='unit=systemd-tmpfiles-setup comm="systemd" exe="/usr/lib/systemd/systemd" hostname=? addr=? terminal=? res=success'
May 14 05:46:25 localhost systemd[1]: Starting Rebuild Journal Catalog...
May 14 05:46:25 localhost systemd[1]: Starting Update UTMP about System Boot/Shutdown...
May 14 05:46:25 localhost audit[1485]: SYSTEM_BOOT pid=1485 uid=0 auid=4294967295 ses=4294967295 subj=system_u:system_r:kernel_t:s0 msg=' comm="systemd-update-utmp" exe="/usr/lib/systemd/systemd-update-utmp" hostname=? addr=? terminal=? res=success'
May 14 05:46:25 localhost kernel: audit: type=1127 audit(1589435185.525:73): pid=1485 uid=0 auid=4294967295 ses=4294967295 subj=system_u:system_r:kernel_t:s0 msg=' comm="systemd-update-utmp" exe="/usr/lib/systemd/systemd-update-utmp" hostname=? addr=? terminal=? res=success'
May 14 05:46:25 localhost systemd[1]: Started Update UTMP about System Boot/Shutdown.
May 14 05:46:25 localhost audit[1]: SERVICE_START pid=1 uid=0 auid=4294967295 ses=4294967295 subj=system_u:system_r:kernel_t:s0 msg='unit=systemd-update-utmp comm="systemd" exe="/usr/lib/systemd/systemd" hostname=? addr=? terminal=? res=success'
May 14 05:46:25 localhost systemd[1]: Started Rebuild Journal Catalog.
May 14 05:46:25 localhost audit[1]: SERVICE_START pid=1 uid=0 auid=4294967295 ses=4294967295 subj=system_u:system_r:kernel_t:s0 msg='unit=systemd-journal-catalog-update comm="systemd" exe="/usr/lib/systemd/systemd" hostname=? addr=? terminal=? res=success'
May 14 05:46:25 localhost kernel: Rounding down aligned max_sectors from 4294967295 to 4294967288
May 14 05:46:25 localhost kernel: db_root: cannot open: /etc/target
May 14 05:46:25 localhost kernel: iscsi: registered transport (iser)
May 14 05:46:25 localhost kernel: RPC: Registered rdma transport module.
May 14 05:46:25 localhost kernel: RPC: Registered rdma backchannel transport module.
May 14 05:46:25 localhost systemd[1]: Started Initialize the iWARP/InfiniBand/RDMA stack in the kernel.
May 14 05:46:25 localhost audit[1]: SERVICE_START pid=1 uid=0 auid=4294967295 ses=4294967295 subj=system_u:system_r:kernel_t:s0 msg='unit=rdma comm="systemd" exe="/usr/lib/systemd/systemd" hostname=? addr=? terminal=? res=success'
May 14 05:46:27 localhost systemd[1]: Started Rebuild Dynamic Linker Cache.
May 14 05:46:27 localhost audit[1]: SERVICE_START pid=1 uid=0 auid=4294967295 ses=4294967295 subj=system_u:system_r:kernel_t:s0 msg='unit=ldconfig comm="systemd" exe="/usr/lib/systemd/systemd" hostname=? addr=? terminal=? res=success'
May 14 05:46:27 localhost systemd[1]: Starting Update is Completed...
May 14 05:46:27 localhost systemd[1]: Started Update is Completed.
May 14 05:46:27 localhost audit[1]: SERVICE_START pid=1 uid=0 auid=4294967295 ses=4294967295 subj=system_u:system_r:kernel_t:s0 msg='unit=systemd-update-done comm="systemd" exe="/usr/lib/systemd/systemd" hostname=? addr=? terminal=? res=success'
May 14 05:46:27 localhost systemd[1]: Reached target System Initialization.
May 14 05:46:27 localhost systemd[1]: Started Daily Cleanup of Temporary Directories.
May 14 05:46:27 localhost systemd[1]: Reached target Timers.
May 14 05:46:27 localhost systemd[1]: Listening on D-Bus System Message Bus Socket.
May 14 05:46:27 localhost systemd[1]: Listening on Open-iSCSI iscsid Socket.
May 14 05:46:27 localhost systemd[1]: Listening on Open-iSCSI iscsiuio Socket.
May 14 05:46:27 localhost systemd[1]: Reached target Sockets.
May 14 05:46:27 localhost systemd[1]: Reached target Basic System.
May 14 05:46:27 localhost systemd[1]: Starting Anaconda NetworkManager configuration...
May 14 05:46:27 localhost systemd[1]: Starting pre-anaconda logging service...
May 14 05:46:27 localhost systemd[1]: Condition check resulted in anaconda performance monitor being skipped.
May 14 05:46:27 localhost systemd[1]: Starting Hold until boot process finishes up...
May 14 05:46:27 localhost systemd[1]: Starting Terminate Plymouth Boot Screen...
May 14 05:46:27 localhost systemd[1]: Started Hardware RNG Entropy Gatherer Daemon.
May 14 05:46:27 localhost audit[1]: SERVICE_START pid=1 uid=0 auid=4294967295 ses=4294967295 subj=system_u:system_r:kernel_t:s0 msg='unit=rngd comm="systemd" exe="/usr/lib/systemd/systemd" hostname=? addr=? terminal=? res=success'
May 14 05:46:27 localhost systemd[1]: Starting System Logging Service...
May 14 05:46:27 localhost systemd[1]: Starting OpenSSH ecdsa Server Key Generation...
May 14 05:46:27 localhost systemd[1]: Starting OpenSSH ed25519 Server Key Generation...
May 14 05:46:27 localhost systemd[1]: Starting OpenSSH rsa Server Key Generation...
May 14 05:46:27 localhost rngd[1530]: Initalizing available sources
May 14 05:46:27 localhost rngd[1530]: Initalizing entropy source hwrng
May 14 05:46:27 localhost rngd[1530]: Failed to init entropy source rdrand
May 14 05:46:27 localhost systemd[1]: Starting Login Service...
May 14 05:46:27 localhost systemd[1]: Starting Service enabling compressing RAM with zRam...
May 14 05:46:27 localhost systemd[1]: plymouth-start.service: Succeeded.
May 14 05:46:27 localhost audit[1]: SERVICE_STOP pid=1 uid=0 auid=4294967295 ses=4294967295 subj=system_u:system_r:kernel_t:s0 msg='unit=plymouth-start comm="systemd" exe="/usr/lib/systemd/systemd" hostname=? addr=? terminal=? res=success'
